<html>
<body>
<pre>
<h1>µVision Build Log</h1>
<h2>Tool Versions:</h2>
IDE-Version: •ÏVision V5.17.0.0
Copyright (C) 2015 ARM Ltd and ARM Germany GmbH. All rights reserved.
License Information: Dexter Jung, Zikto, LIC=----
 
Tool Versions:
Toolchain:       MDK-Lite  Version: 5.17
Toolchain Path:  C:\Keil_v5\ARM\ARMCC\Bin
C Compiler:      Armcc.exe V5.06 update 1 (build 61)
Assembler:       Armasm.exe V5.06 update 1 (build 61)
Linker/Locator:  ArmLink.exe V5.06 update 1 (build 61)
Library Manager: ArmAr.exe V5.06 update 1 (build 61)
Hex Converter:   FromElf.exe V5.06 update 1 (build 61)
CPU DLL:         
Dialog DLL:      
Target DLL:      Segger\JL2CM3.dll V2.99.16.0
Dialog DLL:      TCM.DLL V1.14.6.0
 
<h2>Project:</h2>
C:\Users\Dexter\gDrive\Dexter\nRF52_Sandbox\nRF_projbase\pca10036\s132\arm5_no_packs\nRF_projbase.uvprojx
Project File Date:  05/15/2016

<h2>Output:</h2>
*** Using Compiler 'V5.06 update 1 (build 61)', folder: 'C:\Keil_v5\ARM\ARMCC\Bin'
Build target 'nrf52_s132_PCA10040'
compiling ble_advertising.c...
"no source": Error:  #5: cannot open source input file "..\..\..\..\..\..\components\ble\ble_advertising\ble_advertising.c": No such file or directory
..\..\..\..\..\..\components\ble\ble_advertising\ble_advertising.c: 0 warnings, 1 error
compiling ble_conn_params.c...
"no source": Error:  #5: cannot open source input file "..\..\..\..\..\..\components\ble\common\ble_conn_params.c": No such file or directory
..\..\..\..\..\..\components\ble\common\ble_conn_params.c: 0 warnings, 1 error
compiling ble_advdata.c...
"no source": Error:  #5: cannot open source input file "..\..\..\..\..\..\components\ble\common\ble_advdata.c": No such file or directory
..\..\..\..\..\..\components\ble\common\ble_advdata.c: 0 warnings, 1 error
compiling ble_nus.c...
"no source": Error:  #5: cannot open source input file "..\..\..\..\..\..\components\ble\ble_services\ble_nus\ble_nus.c": No such file or directory
..\..\..\..\..\..\components\ble\ble_services\ble_nus\ble_nus.c: 0 warnings, 1 error
compiling ble_srv_common.c...
"no source": Error:  #5: cannot open source input file "..\..\..\..\..\..\components\ble\common\ble_srv_common.c": No such file or directory
..\..\..\..\..\..\components\ble\common\ble_srv_common.c: 0 warnings, 1 error
compiling app_uart_fifo.c...
"no source": Error:  #5: cannot open source input file "..\..\..\..\..\..\components\libraries\uart\app_uart_fifo.c": No such file or directory
..\..\..\..\..\..\components\libraries\uart\app_uart_fifo.c: 0 warnings, 1 error
compiling nrf_delay.c...
"no source": Error:  #5: cannot open source input file "..\..\..\..\..\..\components\drivers_nrf\delay\nrf_delay.c": No such file or directory
..\..\..\..\..\..\components\drivers_nrf\delay\nrf_delay.c: 0 warnings, 1 error
compiling nrf_drv_common.c...
"no source": Error:  #5: cannot open source input file "..\..\..\..\..\..\components\drivers_nrf\common\nrf_drv_common.c": No such file or directory
..\..\..\..\..\..\components\drivers_nrf\common\nrf_drv_common.c: 0 warnings, 1 error
compiling nrf_drv_gpiote.c...
"no source": Error:  #5: cannot open source input file "..\..\..\..\..\..\components\drivers_nrf\gpiote\nrf_drv_gpiote.c": No such file or directory
..\..\..\..\..\..\components\drivers_nrf\gpiote\nrf_drv_gpiote.c: 0 warnings, 1 error
compiling nrf_drv_uart.c...
"no source": Error:  #5: cannot open source input file "..\..\..\..\..\..\components\drivers_nrf\uart\nrf_drv_uart.c": No such file or directory
..\..\..\..\..\..\components\drivers_nrf\uart\nrf_drv_uart.c: 0 warnings, 1 error
compiling pstorage.c...
"no source": Error:  #5: cannot open source input file "..\..\..\..\..\..\components\drivers_nrf\pstorage\pstorage.c": No such file or directory
..\..\..\..\..\..\components\drivers_nrf\pstorage\pstorage.c: 0 warnings, 1 error
compiling nrf_drv_twi.c...
"no source": Error:  #5: cannot open source input file "..\..\..\..\..\..\components\drivers_nrf\twi_master\nrf_drv_twi.c": No such file or directory
..\..\..\..\..\..\components\drivers_nrf\twi_master\nrf_drv_twi.c: 0 warnings, 1 error
compiling app_button.c...
"no source": Error:  #5: cannot open source input file "..\..\..\..\..\..\components\libraries\button\app_button.c": No such file or directory
..\..\..\..\..\..\components\libraries\button\app_button.c: 0 warnings, 1 error
compiling app_error.c...
"no source": Error:  #5: cannot open source input file "..\..\..\..\..\..\components\libraries\util\app_error.c": No such file or directory
..\..\..\..\..\..\components\libraries\util\app_error.c: 0 warnings, 1 error
compiling app_fifo.c...
"no source": Error:  #5: cannot open source input file "..\..\..\..\..\..\components\libraries\fifo\app_fifo.c": No such file or directory
..\..\..\..\..\..\components\libraries\fifo\app_fifo.c: 0 warnings, 1 error
compiling app_trace.c...
"no source": Error:  #5: cannot open source input file "..\..\..\..\..\..\components\libraries\trace\app_trace.c": No such file or directory
..\..\..\..\..\..\components\libraries\trace\app_trace.c: 0 warnings, 1 error
compiling app_timer.c...
"no source": Error:  #5: cannot open source input file "..\..\..\..\..\..\components\libraries\timer\app_timer.c": No such file or directory
..\..\..\..\..\..\components\libraries\timer\app_timer.c: 0 warnings, 1 error
compiling nrf_assert.c...
"no source": Error:  #5: cannot open source input file "..\..\..\..\..\..\components\libraries\util\nrf_assert.c": No such file or directory
..\..\..\..\..\..\components\libraries\util\nrf_assert.c: 0 warnings, 1 error
compiling retarget.c...
"no source": Error:  #5: cannot open source input file "..\..\..\..\..\..\components\libraries\uart\retarget.c": No such file or directory
..\..\..\..\..\..\components\libraries\uart\retarget.c: 0 warnings, 1 error
compiling softdevice_handler.c...
"no source": Error:  #5: cannot open source input file "..\..\..\..\..\..\components\softdevice\common\softdevice_handler\softdevice_handler.c": No such file or directory
..\..\..\..\..\..\components\softdevice\common\softdevice_handler\softdevice_handler.c: 0 warnings, 1 error
linking...
Program Size: Code=20164 RO-data=1744 RW-data=268 ZI-data=19004  
FromELF: creating hex file...
".\_build\nrf52_mcu_ble.axf" - 0 Error(s), 0 Warning(s).

<h2>Software Packages used:</h2>

Package Vendor: ARM
                http://www.keil.com/pack/ARM.CMSIS.4.2.0.pack
                ARM::CMSIS:CORE:3.40.0
                CMSIS (Cortex Microcontroller Software Interface Standard)
   * Component: CORE Version: 3.40.0
   * Component: DSP Version: 1.4.2

Package Vendor: NordicSemiconductor
                http://developer.nordicsemi.com/nRF51_SDK/pieces/nRF_DeviceFamilyPack/NordicSemiconductor.nRF_DeviceFamilyPack.8.0.3.pack
                NordicSemiconductor::Device:Startup:8.0.3
                Nordic Semiconductor nRF ARM devices Device Family Pack.
   * Component: Startup Version: 8.0.3

<h2>Collection of Component include folders:</h2>
  C:\Users\Dexter\gDrive\Dexter\nRF52_Sandbox\nRF_projbase\pca10036\s132\arm5_no_packs\RTE
  C:\Keil_v5\ARM\PACK\ARM\CMSIS\4.2.0\CMSIS\Include
  C:\Keil_v5\ARM\PACK\NordicSemiconductor\nRF_DeviceFamilyPack\8.0.3\Device\Include

<h2>Collection of Component Files used:</h2>

   * Component: ARM::CMSIS:CORE:3.40.0
      Source file:   CMSIS\UserCodeTemplates\ARM\ITM_Retarget.c

   * Component: ARM::CMSIS:DSP:1.4.2
      Include file:  CMSIS\Include\arm_math.h
      Library file:  CMSIS\Lib\ARM\arm_cortexM4lf_math.lib

   * Component: NordicSemiconductor::Device:Startup:8.0.3
      Source file:   Device\Source\arm\arm_startup_nrf52.s
      Source file:   Device\Source\system_nrf52.c
      Include file:  Device\Include\system_nrf52.h
Build Time Elapsed:  00:00:01
</pre>
</body>
</html>
