Component: ARM Compiler 5.06 update 1 (build 61) Tool: armlink [4d35a8]

==============================================================================

Section Cross References

    main.o(i.I2CwriteBit) refers to main.o(i.read_register) for read_register
    main.o(i.I2CwriteBit) refers to main.o(i.write_register) for write_register
    main.o(i.I2CwriteBits) refers to main.o(i.read_register) for read_register
    main.o(i.I2CwriteBits) refers to main.o(i.write_register) for write_register
    main.o(i.advertising_init) refers to rt_memclr_w.o(.text) for __aeabi_memclr4
    main.o(i.advertising_init) refers to ble_advertising.o(i.ble_advertising_init) for ble_advertising_init
    main.o(i.advertising_init) refers to app_error.o(i.app_error_handler) for app_error_handler
    main.o(i.advertising_init) refers to main.o(.data) for .data
    main.o(i.advertising_init) refers to main.o(i.on_adv_evt) for on_adv_evt
    main.o(i.assert_nrf_callback) refers to app_error.o(i.app_error_handler) for app_error_handler
    main.o(i.ble_evt_dispatch) refers to ble_conn_params.o(i.ble_conn_params_on_ble_evt) for ble_conn_params_on_ble_evt
    main.o(i.ble_evt_dispatch) refers to ble_nus.o(i.ble_nus_on_ble_evt) for ble_nus_on_ble_evt
    main.o(i.ble_evt_dispatch) refers to main.o(i.on_ble_evt) for on_ble_evt
    main.o(i.ble_evt_dispatch) refers to ble_advertising.o(i.ble_advertising_on_ble_evt) for ble_advertising_on_ble_evt
    main.o(i.ble_evt_dispatch) refers to bsp_btn_ble.o(i.bsp_btn_ble_on_ble_evt) for bsp_btn_ble_on_ble_evt
    main.o(i.ble_evt_dispatch) refers to main.o(.bss) for .bss
    main.o(i.bsp_event_handler) refers to main.o(i.sleep_mode_enter) for sleep_mode_enter
    main.o(i.bsp_event_handler) refers to app_error.o(i.app_error_handler) for app_error_handler
    main.o(i.bsp_event_handler) refers to ble_advertising.o(i.ble_advertising_restart_without_whitelist) for ble_advertising_restart_without_whitelist
    main.o(i.bsp_event_handler) refers to main.o(.data) for .data
    main.o(i.conn_params_error_handler) refers to app_error.o(i.app_error_handler) for app_error_handler
    main.o(i.func1) refers to _printf_percent.o(.ARM.Collect$$_printf_percent$$00000000) for _printf_percent
    main.o(i.func1) refers to _printf_x.o(.ARM.Collect$$_printf_percent$$0000000C) for _printf_x
    main.o(i.func1) refers to _printf_hex_int.o(.text) for _printf_longlong_hex
    main.o(i.func1) refers to _printf_s.o(.ARM.Collect$$_printf_percent$$00000014) for _printf_s
    main.o(i.func1) refers to _printf_str.o(.text) for _printf_str
    main.o(i.func1) refers to noretval__2printf.o(.text) for __2printf
    main.o(i.func1) refers to main.o(i.write_register) for write_register
    main.o(i.func1) refers to main.o(i.read_register) for read_register
    main.o(i.func1) refers to main.o(i.I2CwriteBit) for I2CwriteBit
    main.o(i.main) refers to _printf_percent.o(.ARM.Collect$$_printf_percent$$00000000) for _printf_percent
    main.o(i.main) refers to _printf_s.o(.ARM.Collect$$_printf_percent$$00000014) for _printf_s
    main.o(i.main) refers to _printf_str.o(.text) for _printf_str
    main.o(i.main) refers to _printf_pad.o(.text) for _printf_pre_padding
    main.o(i.main) refers to _printf_f.o(.ARM.Collect$$_printf_percent$$00000003) for _printf_f
    main.o(i.main) refers to printf1.o(x$fpl$printf1) for _printf_fp_dec
    main.o(i.main) refers to _printf_c.o(.ARM.Collect$$_printf_percent$$00000013) for _printf_c
    main.o(i.main) refers to rt_memcpy_w.o(.text) for __aeabi_memcpy4
    main.o(i.main) refers to app_timer.o(i.app_timer_init) for app_timer_init
    main.o(i.main) refers to app_error.o(i.app_error_handler) for app_error_handler
    main.o(i.main) refers to app_uart_fifo.o(i.app_uart_init) for app_uart_init
    main.o(i.main) refers to bsp.o(i.bsp_init) for bsp_init
    main.o(i.main) refers to bsp_btn_ble.o(i.bsp_btn_ble_init) for bsp_btn_ble_init
    main.o(i.main) refers to softdevice_handler.o(i.softdevice_handler_init) for softdevice_handler_init
    main.o(i.main) refers to softdevice_handler.o(i.softdevice_ble_evt_handler_set) for softdevice_ble_evt_handler_set
    main.o(i.main) refers to ble_nus.o(i.ble_nus_init) for ble_nus_init
    main.o(i.main) refers to main.o(i.advertising_init) for advertising_init
    main.o(i.main) refers to rt_memclr_w.o(.text) for __aeabi_memclr4
    main.o(i.main) refers to ble_conn_params.o(i.ble_conn_params_init) for ble_conn_params_init
    main.o(i.main) refers to noretval__2printf.o(.text) for __2printf
    main.o(i.main) refers to ble_advertising.o(i.ble_advertising_start) for ble_advertising_start
    main.o(i.main) refers to nrf_drv_twi.o(i.nrf_drv_twi_init) for nrf_drv_twi_init
    main.o(i.main) refers to f2d.o(x$fpl$f2d) for __aeabi_f2d
    main.o(i.main) refers to getc.o(.text) for getc
    main.o(i.main) refers to nrf_drv_twi.o(i.nrf_drv_twi_enable) for nrf_drv_twi_enable
    main.o(i.main) refers to main.o(i.func1) for func1
[...]
    nrf_uarte_event_check                    0x0002339d   Thumb Code    10  nrf_drv_uart.o(i.nrf_uarte_event_check)
    i.nus_data_handler                       0x000233a8   Section        0  main.o(i.nus_data_handler)
    nus_data_handler                         0x000233a9   Thumb Code    50  main.o(i.nus_data_handler)
    i.on_adv_evt                             0x000233e8   Section        0  main.o(i.on_adv_evt)
    on_adv_evt                               0x000233e9   Thumb Code    40  main.o(i.on_adv_evt)
    i.on_ble_evt                             0x00023410   Section        0  main.o(i.on_ble_evt)
    on_ble_evt                               0x00023411   Thumb Code   106  main.o(i.on_ble_evt)
    i.on_conn_params_evt                     0x00023480   Section        0  main.o(i.on_conn_params_evt)
    on_conn_params_evt                       0x00023481   Thumb Code    28  main.o(i.on_conn_params_evt)
    i.on_error                               0x000234a0   Section        0  nrf_drv_twi.o(i.on_error)
    on_error                                 0x000234a1   Thumb Code    74  nrf_drv_twi.o(i.on_error)
    i.peer_address_exists                    0x000234f4   Section        0  ble_advertising.o(i.peer_address_exists)
    peer_address_exists                      0x000234f5   Thumb Code    20  ble_advertising.o(i.peer_address_exists)
    i.pin_in_use_by_port                     0x00023508   Section        0  nrf_drv_gpiote.o(i.pin_in_use_by_port)
    pin_in_use_by_port                       0x00023509   Thumb Code    20  nrf_drv_gpiote.o(i.pin_in_use_by_port)
    i.pin_in_use_by_te                       0x00023520   Section        0  nrf_drv_gpiote.o(i.pin_in_use_by_te)
    pin_in_use_by_te                         0x00023521   Thumb Code    20  nrf_drv_gpiote.o(i.pin_in_use_by_te)
    i.pstorage_access_status_get             0x00023538   Section        0  pstorage.o(i.pstorage_access_status_get)
    i.readData                               0x0002355c   Section        0  main.o(i.readData)
    i.read_register                          0x000235d0   Section        0  main.o(i.read_register)
    read_register                            0x000235d1   Thumb Code    44  main.o(i.read_register)
    i.rtc1_stop                              0x00023600   Section        0  app_timer.o(i.rtc1_stop)
    rtc1_stop                                0x00023601   Thumb Code    52  app_timer.o(i.rtc1_stop)
    i.rx_address_req                         0x0002363c   Section        0  nrf_drv_twi.o(i.rx_address_req)
    rx_address_req                           0x0002363d   Thumb Code    84  nrf_drv_twi.o(i.rx_address_req)
    i.rx_byte                                0x00023698   Section        0  nrf_drv_uart.o(i.rx_byte)
    rx_byte                                  0x00023699   Thumb Code    28  nrf_drv_uart.o(i.rx_byte)
    i.rx_char_add                            0x000236bc   Section        0  ble_nus.o(i.rx_char_add)
    rx_char_add                              0x000236bd   Thumb Code   220  ble_nus.o(i.rx_char_add)
    i.rx_done                                0x00023798   Section        0  nrf_drv_twi.o(i.rx_done)
    rx_done                                  0x00023799   Thumb Code    50  nrf_drv_twi.o(i.rx_done)
    i.rx_done_event                          0x000237d0   Section        0  nrf_drv_uart.o(i.rx_done_event)
    rx_done_event                            0x000237d1   Thumb Code    32  nrf_drv_uart.o(i.rx_done_event)
    i.rx_enable                              0x000237f4   Section        0  nrf_drv_uart.o(i.rx_enable)
    rx_enable                                0x000237f5   Thumb Code    18  nrf_drv_uart.o(i.rx_enable)
    i.rx_prepare                             0x0002380c   Section        0  nrf_drv_twi.o(i.rx_prepare)
    rx_prepare                               0x0002380d   Thumb Code     4  nrf_drv_twi.o(i.rx_prepare)
    i.service_data_encode                    0x00023810   Section        0  ble_advdata.o(i.service_data_encode)
    service_data_encode                      0x00023811   Thumb Code   136  ble_advdata.o(i.service_data_encode)
    i.sleep_mode_enter                       0x00023898   Section        0  main.o(i.sleep_mode_enter)
    sleep_mode_enter                         0x00023899   Thumb Code    52  main.o(i.sleep_mode_enter)
    i.softdevice_assertion_handler           0x000238cc   Section        0  softdevice_handler.o(i.softdevice_assertion_handler)
    i.softdevice_ble_evt_handler_set         0x000238d8   Section        0  softdevice_handler.o(i.softdevice_ble_evt_handler_set)
    i.softdevice_handler_init                0x000238ec   Section        0  softdevice_handler.o(i.softdevice_handler_init)
    i.state_machine                          0x0002391c   Section        0  nrf_drv_twi.o(i.state_machine)
    state_machine                            0x0002391d   Thumb Code    78  nrf_drv_twi.o(i.state_machine)
    i.timer_list_insert                      0x00023978   Section        0  app_timer.o(i.timer_list_insert)
    timer_list_insert                        0x00023979   Thumb Code   104  app_timer.o(i.timer_list_insert)
    i.timer_list_remove                      0x000239e4   Section        0  app_timer.o(i.timer_list_remove)
    timer_list_remove                        0x000239e5   Thumb Code   114  app_timer.o(i.timer_list_remove)
    i.timer_timeouts_check                   0x00023a60   Section        0  app_timer.o(i.timer_timeouts_check)
    timer_timeouts_check                     0x00023a61   Thumb Code   128  app_timer.o(i.timer_timeouts_check)
    i.toggleMPU_RDY                          0x00023ae8   Section        0  main.o(i.toggleMPU_RDY)
    i.twi_clear_bus                          0x00023afc   Section        0  nrf_drv_twi.o(i.twi_clear_bus)
    twi_clear_bus                            0x00023afd   Thumb Code   170  nrf_drv_twi.o(i.twi_clear_bus)
    i.twi_transfer                           0x00023bac   Section        0  nrf_drv_twi.o(i.twi_transfer)
    twi_transfer                             0x00023bad   Thumb Code   350  nrf_drv_twi.o(i.twi_transfer)
    i.tx_byte                                0x00023d2c   Section        0  nrf_drv_uart.o(i.tx_byte)
    tx_byte                                  0x00023d2d   Thumb Code    28  nrf_drv_uart.o(i.tx_byte)
    i.tx_char_add                            0x00023d50   Section        0  ble_nus.o(i.tx_char_add)
    tx_char_add                              0x00023d51   Thumb Code   160  ble_nus.o(i.tx_char_add)
    i.tx_done                                0x00023df0   Section        0  nrf_drv_twi.o(i.tx_done)
    tx_done                                  0x00023df1   Thumb Code    32  nrf_drv_twi.o(i.tx_done)
    i.tx_done_event                          0x00023e14   Section        0  nrf_drv_uart.o(i.tx_done_event)
    tx_done_event                            0x00023e15   Thumb Code    30  nrf_drv_uart.o(i.tx_done_event)
    i.tx_prepare                             0x00023e38   Section        0  nrf_drv_twi.o(i.tx_prepare)
    tx_prepare                               0x00023e39   Thumb Code    28  nrf_drv_twi.o(i.tx_prepare)
    i.txrx_shorts_set_task_start             0x00023e58   Section        0  nrf_drv_twi.o(i.txrx_shorts_set_task_start)
    txrx_shorts_set_task_start               0x00023e59   Thumb Code   130  nrf_drv_twi.o(i.txrx_shorts_set_task_start)
    i.uart_event_handle                      0x00023ee4   Section        0  main.o(i.uart_event_handle)
    i.uart_event_handler                     0x00023efc   Section        0  app_uart_fifo.o(i.uart_event_handler)
    i.uint16_encode                          0x00023f8c   Section        0  ble_advdata.o(i.uint16_encode)
    uint16_encode                            0x00023f8d   Thumb Code    10  ble_advdata.o(i.uint16_encode)
    i.update_timeout_handler                 0x00023f98   Section        0  ble_conn_params.o(i.update_timeout_handler)
    update_timeout_handler                   0x00023f99   Thumb Code    88  ble_conn_params.o(i.update_timeout_handler)
    i.user_id_get                            0x00023ff8   Section        0  app_timer.o(i.user_id_get)
    user_id_get                              0x00023ff9   Thumb Code    62  app_timer.o(i.user_id_get)
    i.user_op_alloc                          0x0002403c   Section        0  app_timer.o(i.user_op_alloc)
    user_op_alloc                            0x0002403d   Thumb Code    38  app_timer.o(i.user_op_alloc)
    i.uuid_list_encode                       0x00024062   Section        0  ble_advdata.o(i.uuid_list_encode)
    uuid_list_encode                         0x00024063   Thumb Code    48  ble_advdata.o(i.uuid_list_encode)
    i.uuid_list_sized_encode                 0x00024092   Section        0  ble_advdata.o(i.uuid_list_sized_encode)
    uuid_list_sized_encode                   0x00024093   Thumb Code   158  ble_advdata.o(i.uuid_list_sized_encode)
    i.whitelist_has_entries                  0x00024130   Section        0  ble_advertising.o(i.whitelist_has_entries)
    whitelist_has_entries                    0x00024131   Thumb Code    14  ble_advertising.o(i.whitelist_has_entries)
    i.write_register                         0x00024140   Section        0  main.o(i.write_register)
    write_register                           0x00024141   Thumb Code    60  main.o(i.write_register)
    locale$$code                             0x0002419c   Section       44  lc_numeric_c.o(locale$$code)
    x$fpl$dretinf                            0x000241c8   Section       12  dretinf.o(x$fpl$dretinf)
    $v0                                      0x000241c8   Number         0  dretinf.o(x$fpl$dretinf)
    x$fpl$f2d                                0x000241d4   Section       86  f2d.o(x$fpl$f2d)
    $v0                                      0x000241d4   Number         0  f2d.o(x$fpl$f2d)
    x$fpl$fnaninf                            0x0002422a   Section      140  fnaninf.o(x$fpl$fnaninf)
    $v0                                      0x0002422a   Number         0  fnaninf.o(x$fpl$fnaninf)
    x$fpl$fpinit                             0x000242b6   Section       10  fpinit.o(x$fpl$fpinit)
    $v0                                      0x000242b6   Number         0  fpinit.o(x$fpl$fpinit)
    x$fpl$printf1                            0x000242c0   Section        4  printf1.o(x$fpl$printf1)
    $v0                                      0x000242c0   Number         0  printf1.o(x$fpl$printf1)
    .constdata                               0x000242c4   Section      132  main.o(.constdata)
    x$fpl$usenofp                            0x000242c4   Section        0  usenofp.o(x$fpl$usenofp)
    m_twi_master                             0x000242c4   Data           8  main.o(.constdata)
    .constdata                               0x00024348   Section       48  bsp.o(.constdata)
    m_buttons_list                           0x00024348   Data          16  bsp.o(.constdata)
    app_buttons                              0x00024358   Data          32  bsp.o(.constdata)
    .constdata                               0x00024378   Section       16  ble_nus.o(.constdata)
    .constdata                               0x00024388   Section       32  app_uart_fifo.o(.constdata)
    .constdata                               0x000243a8   Section       32  nrf_drv_uart.o(.constdata)
    m_default_config                         0x000243a8   Data          32  nrf_drv_uart.o(.constdata)
    .constdata                               0x000243c8   Section       52  nrf_drv_twi.o(.constdata)
    m_default_config                         0x000243c8   Data          16  nrf_drv_twi.o(.constdata)
    m_states_len                             0x000243d8   Data          20  nrf_drv_twi.o(.constdata)
    .constdata                               0x000243fc   Section       16  nrf_drv_twi.o(.constdata)
    m_idle                                   0x000243fc   Data          16  nrf_drv_twi.o(.constdata)
    .constdata                               0x0002440c   Section       40  nrf_drv_twi.o(.constdata)
    m_tx_suspended                           0x0002440c   Data          40  nrf_drv_twi.o(.constdata)
    .constdata                               0x00024434   Section       32  nrf_drv_twi.o(.constdata)
    m_rx_suspended                           0x00024434   Data          32  nrf_drv_twi.o(.constdata)
    .constdata                               0x00024454   Section       24  nrf_drv_twi.o(.constdata)
    m_stopped                                0x00024454   Data          24  nrf_drv_twi.o(.constdata)
    .constdata                               0x0002446c   Section       24  nrf_drv_twi.o(.constdata)
    m_error                                  0x0002446c   Data          24  nrf_drv_twi.o(.constdata)
    .constdata                               0x00024484   Section        4  app_button.o(.constdata)
    .constdata                               0x00024488   Section       40  _printf_hex_int.o(.constdata)
    uc_hextab                                0x00024488   Data          20  _printf_hex_int.o(.constdata)
    lc_hextab                                0x0002449c   Data          20  _printf_hex_int.o(.constdata)
    .constdata                               0x000244b0   Section       17  __printf_flags_wp.o(.constdata)
    maptable                                 0x000244b0   Data          17  __printf_flags_wp.o(.constdata)
    .constdata                               0x000244c4   Section      148  bigflt0.o(.constdata)
    tenpwrs_x                                0x000244c4   Data          60  bigflt0.o(.constdata)
    tenpwrs_i                                0x00024500   Data          64  bigflt0.o(.constdata)
    locale$$data                             0x00024578   Section       28  lc_numeric_c.o(locale$$data)
    __lcnum_c_name                           0x0002457c   Data           2  lc_numeric_c.o(locale$$data)
    __lcnum_c_start                          0x00024584   Data           0  lc_numeric_c.o(locale$$data)
    __lcnum_c_point                          0x00024590   Data           0  lc_numeric_c.o(locale$$data)
    __lcnum_c_thousands                      0x00024592   Data           0  lc_numeric_c.o(locale$$data)
    __lcnum_c_grouping                       0x00024593   Data           0  lc_numeric_c.o(locale$$data)
    __lcnum_c_end                            0x00024594   Data           0  lc_numeric_c.o(locale$$data)
    .data                                    0x20002800   Section        8  main.o(.data)
    rx_received                              0x20002800   Data           1  main.o(.data)
    m_conn_handle                            0x20002802   Data           2  main.o(.data)
    m_adv_uuids                              0x20002804   Data           4  main.o(.data)
    .data                                    0x20002808   Section       32  bsp.o(.data)
    m_stable_state                           0x20002808   Data           1  bsp.o(.data)
    current_long_push_pin_no                 0x20002809   Data           1  bsp.o(.data)
    m_app_ticks_per_100ms                    0x2000280c   Data           4  bsp.o(.data)
    m_indication_type                        0x20002810   Data           4  bsp.o(.data)
    m_registered_callback                    0x20002814   Data           4  bsp.o(.data)
    release_event_at_push                    0x20002818   Data           4  bsp.o(.data)
    m_leds_timer_id                          0x2000281c   Data           4  bsp.o(.data)
    m_alert_timer_id                         0x20002820   Data           4  bsp.o(.data)
    m_button_timer_id                        0x20002824   Data           4  bsp.o(.data)
    .data                                    0x20002828   Section        8  bsp_btn_ble.o(.data)
    m_error_handler                          0x20002828   Data           4  bsp_btn_ble.o(.data)
    m_num_connections                        0x2000282c   Data           4  bsp_btn_ble.o(.data)
    .data                                    0x20002830   Section       31  ble_advertising.o(.data)
    m_advertising_start_pending              0x20002830   Data           1  ble_advertising.o(.data)
    m_whitelist_temporarily_disabled         0x20002831   Data           1  ble_advertising.o(.data)
    m_whitelist_reply_expected               0x20002832   Data           1  ble_advertising.o(.data)
    m_peer_addr_reply_expected               0x20002833   Data           1  ble_advertising.o(.data)
    m_adv_evt                                0x20002834   Data           1  ble_advertising.o(.data)
    m_adv_mode_current                       0x20002835   Data           1  ble_advertising.o(.data)
    m_tx_power_level                         0x20002836   Data           1  ble_advertising.o(.data)
    current_slave_link_conn_handle           0x20002838   Data           2  ble_advertising.o(.data)
    m_evt_handler                            0x2000283c   Data           4  ble_advertising.o(.data)
    m_error_handler                          0x20002840   Data           4  ble_advertising.o(.data)
    m_slave_conn_int                         0x20002844   Data           4  ble_advertising.o(.data)
    m_peer_address                           0x20002848   Data           7  ble_advertising.o(.data)
    .data                                    0x20002850   Section       24  ble_conn_params.o(.data)
    m_change_param                           0x20002850   Data           1  ble_conn_params.o(.data)
    m_update_count                           0x20002851   Data           1  ble_conn_params.o(.data)
    m_conn_handle                            0x20002852   Data           2  ble_conn_params.o(.data)
    m_conn_params_timer_id                   0x20002854   Data           4  ble_conn_params.o(.data)
    m_preferred_conn_params                  0x20002858   Data           8  ble_conn_params.o(.data)
    m_current_conn_params                    0x20002860   Data           8  ble_conn_params.o(.data)
    .data                                    0x20002868   Section        8  app_uart_fifo.o(.data)
    tx_buffer                                0x20002868   Data           1  app_uart_fifo.o(.data)
    tx_tmp                                   0x20002869   Data           1  app_uart_fifo.o(.data)
    rx_buffer                                0x2000286a   Data           1  app_uart_fifo.o(.data)
    m_event_handler                          0x2000286c   Data           4  app_uart_fifo.o(.data)
    .data                                    0x20002870   Section       36  pstorage.o(.data)
    m_state                                  0x20002870   Data           1  pstorage.o(.data)
    m_swap_sub_state                         0x20002871   Data           1  pstorage.o(.data)
    m_next_app_instance                      0x20002872   Data           2  pstorage.o(.data)
    m_flags                                  0x20002874   Data           4  pstorage.o(.data)
    m_next_page_addr                         0x20002878   Data           4  pstorage.o(.data)
    m_head_word_size                         0x2000287c   Data           4  pstorage.o(.data)
    m_tail_word_size                         0x20002880   Data           4  pstorage.o(.data)
    m_current_page_id                        0x20002884   Data           4  pstorage.o(.data)
    m_num_of_command_retries                 0x20002888   Data           4  pstorage.o(.data)
    m_num_of_bytes_written                   0x2000288c   Data           4  pstorage.o(.data)
    m_app_data_size                          0x20002890   Data           4  pstorage.o(.data)
    .data                                    0x20002894   Section       28  nrf_drv_twi.o(.data)
    m_handlers                               0x20002894   Data           4  nrf_drv_twi.o(.data)
    m_instances                              0x20002898   Data           4  nrf_drv_twi.o(.data)
    mp_states                                0x2000289c   Data          20  nrf_drv_twi.o(.data)
    .data                                    0x200028b0   Section       24  app_button.o(.data)
    m_button_count                           0x200028b0   Data           1  app_button.o(.data)
    mp_buttons                               0x200028b4   Data           4  app_button.o(.data)
    m_detection_delay                        0x200028b8   Data           4  app_button.o(.data)
    m_detection_delay_timer_id               0x200028bc   Data           4  app_button.o(.data)
    m_pin_state                              0x200028c0   Data           4  app_button.o(.data)
    m_pin_transition                         0x200028c4   Data           4  app_button.o(.data)
    .data                                    0x200028c8   Section       36  app_timer.o(.data)
    m_node_array_size                        0x200028c8   Data           1  app_timer.o(.data)
    m_user_array_size                        0x200028c9   Data           1  app_timer.o(.data)
    m_ticks_elapsed_q_read_ind               0x200028ca   Data           1  app_timer.o(.data)
    m_ticks_elapsed_q_write_ind              0x200028cb   Data           1  app_timer.o(.data)
    m_rtc1_running                           0x200028cc   Data           1  app_timer.o(.data)
    m_rtc1_reset                             0x200028cd   Data           1  app_timer.o(.data)
    mp_nodes                                 0x200028d0   Data           4  app_timer.o(.data)
    mp_users                                 0x200028d4   Data           4  app_timer.o(.data)
    m_timer_id_head                          0x200028d8   Data           4  app_timer.o(.data)
    m_ticks_latest                           0x200028dc   Data           4  app_timer.o(.data)
    m_evt_schedule_func                      0x200028e0   Data           4  app_timer.o(.data)
    m_ticks_elapsed                          0x200028e4   Data           8  app_timer.o(.data)
    .data                                    0x200028ec   Section        4  retarget.o(.data)
    .data                                    0x200028f0   Section        4  retarget.o(.data)
    .data                                    0x200028f4   Section       20  softdevice_handler.o(.data)
    m_softdevice_enabled                     0x200028f4   Data           1  softdevice_handler.o(.data)
    m_ble_evt_buffer_size                    0x200028f6   Data           2  softdevice_handler.o(.data)
    m_evt_schedule_func                      0x200028f8   Data           4  softdevice_handler.o(.data)
    mp_ble_evt_buffer                        0x200028fc   Data           4  softdevice_handler.o(.data)
    m_ble_evt_handler                        0x20002900   Data           4  softdevice_handler.o(.data)
    m_sys_evt_handler                        0x20002904   Data           4  softdevice_handler.o(.data)
    .data                                    0x20002908   Section        4  system_nrf52.o(.data)
    __tagsym$$used                           0x20002908   Number         0  system_nrf52.o(.data)
    .bss                                     0x2000290c   Section     1836  main.o(.bss)
    BLE_EVT_BUFFER                           0x20002924   Data          72  main.o(.bss)
    rx_buf                                   0x2000296c   Data          32  main.o(.bss)
    tx_buf                                   0x2000298c   Data        1024  main.o(.bss)
    APP_TIMER_BUF                            0x20002d8c   Data         656  main.o(.bss)
    m_nus                                    0x2000301c   Data          28  main.o(.bss)
    .bss                                     0x20003038   Section       12  bsp.o(.bss)
    m_events_list                            0x20003038   Data          12  bsp.o(.bss)
    .bss                                     0x20003044   Section      259  ble_advertising.o(.bss)
    m_advdata                                0x20003044   Data          56  ble_advertising.o(.bss)
    m_adv_modes_config                       0x2000307c   Data          36  ble_advertising.o(.bss)
    m_whitelist                              0x200030a0   Data          16  ble_advertising.o(.bss)
    mp_whitelist_addr                        0x200030b0   Data          32  ble_advertising.o(.bss)
    mp_whitelist_irk                         0x200030d0   Data          32  ble_advertising.o(.bss)
    m_manuf_specific_data                    0x200030f0   Data          12  ble_advertising.o(.bss)
    m_manuf_data_array                       0x200030fc   Data          31  ble_advertising.o(.bss)
    m_service_data                           0x2000311c   Data          12  ble_advertising.o(.bss)
    m_service_data_array                     0x20003128   Data          31  ble_advertising.o(.bss)
    .bss                                     0x20003148   Section       28  ble_conn_params.o(.bss)
    m_conn_params_config                     0x20003148   Data          28  ble_conn_params.o(.bss)
    .bss                                     0x20003164   Section       32  app_uart_fifo.o(.bss)
    m_rx_fifo                                0x20003164   Data          16  app_uart_fifo.o(.bss)
    m_tx_fifo                                0x20003174   Data          16  app_uart_fifo.o(.bss)
    .bss                                     0x20003184   Section       88  nrf_drv_gpiote.o(.bss)
    m_cb                                     0x20003184   Data          88  nrf_drv_gpiote.o(.bss)
    .bss                                     0x200031dc   Section       24  nrf_drv_uart.o(.bss)
    m_cb                                     0x200031dc   Data          24  nrf_drv_uart.o(.bss)
    .bss                                     0x200031f4   Section      216  pstorage.o(.bss)
    m_cmd_queue                              0x200031f4   Data         204  pstorage.o(.bss)
    m_app_table                              0x200032c0   Data          12  pstorage.o(.bss)
    .bss                                     0x200032cc   Section       28  nrf_drv_twi.o(.bss)
    m_cb                                     0x200032cc   Data          28  nrf_drv_twi.o(.bss)
    .bss                                     0x200032e8   Section       96  libspace.o(.bss)
    HEAP                                     0x20003348   Section     8192  arm_startup_nrf52.o(HEAP)
    Heap_Mem                                 0x20003348   Data        8192  arm_startup_nrf52.o(HEAP)
    STACK                                    0x20005348   Section     8192  arm_startup_nrf52.o(STACK)
    Stack_Mem                                0x20005348   Data        8192  arm_startup_nrf52.o(STACK)
    __initial_sp                             0x20007348   Data           0  arm_startup_nrf52.o(STACK)

    Global Symbols

    Symbol Name                              Value     Ov Type        Size  Object(Section)

    BuildAttributes$$THM_ISAv4$E$P$D$K$B$S$7EM$VFPi3$EXTD16$VFPS$VFMA$PE$A:L22UL41UL21$X:L11$S22US41US21$IEEE1$IW$USESV6$~STKCKD$USESV7$~SHL$OTIME$ROPI$IEEEJ$EBA8$UX$STANDARDLIB$REQ8$PRES8$EABIv2 0x00000000   Number         0  anon$$obj.o ABSOLUTE
    __ARM_use_no_argv                        0x00000000   Number         0  main.o ABSOLUTE
    _printf_flags                            0x00000000   Number         0  printf_stubs.o ABSOLUTE
    _printf_return_value                     0x00000000   Number         0  printf_stubs.o ABSOLUTE
    _printf_sizespec                         0x00000000   Number         0  printf_stubs.o ABSOLUTE
    _printf_widthprec                        0x00000000   Number         0  printf_stubs.o ABSOLUTE
    __ARM_exceptions_init                     - Undefined Weak Reference
    __alloca_initialize                       - Undefined Weak Reference
    __arm_preinit_                            - Undefined Weak Reference
    __cpp_initialize__aeabi_                  - Undefined Weak Reference
    __cxa_finalize                            - Undefined Weak Reference
    __sigvec_lookup                           - Undefined Weak Reference
    _atexit_init                              - Undefined Weak Reference
    _call_atexit_fns                          - Undefined Weak Reference
    _clock_init                               - Undefined Weak Reference
    _fp_trap_init                             - Undefined Weak Reference
    _fp_trap_shutdown                         - Undefined Weak Reference
    _get_lc_collate                           - Undefined Weak Reference
    _get_lc_ctype                             - Undefined Weak Reference
    _get_lc_monetary                          - Undefined Weak Reference
    _get_lc_time                              - Undefined Weak Reference
    _getenv_init                              - Undefined Weak Reference
    _handle_redirection                       - Undefined Weak Reference
    _init_alloc                               - Undefined Weak Reference
    _init_user_alloc                          - Undefined Weak Reference
    _initio                                   - Undefined Weak Reference
    _mutex_acquire                            - Undefined Weak Reference
    _mutex_release                            - Undefined Weak Reference
    _printf_mbtowc                            - Undefined Weak Reference
    _printf_truncate_unsigned                 - Undefined Weak Reference
    _rand_init                                - Undefined Weak Reference
    _signal_finish                            - Undefined Weak Reference
    _signal_init                              - Undefined Weak Reference
    _terminate_alloc                          - Undefined Weak Reference
    _terminate_user_alloc                     - Undefined Weak Reference
    _terminateio                              - Undefined Weak Reference
    __Vectors_Size                           0x00000400   Number         0  arm_startup_nrf52.o ABSOLUTE
    __Vectors                                0x0001f000   Data           4  arm_startup_nrf52.o(RESET)
    __Vectors_End                            0x0001f400   Data           0  arm_startup_nrf52.o(RESET)
    __main                                   0x0001f401   Thumb Code     8  __main.o(!!!main)
    __scatterload                            0x0001f409   Thumb Code     0  __scatter.o(!!!scatter)
    __scatterload_rt2                        0x0001f409   Thumb Code    44  __scatter.o(!!!scatter)
    __scatterload_rt2_thumb_only             0x0001f409   Thumb Code     0  __scatter.o(!!!scatter)
    __scatterload_null                       0x0001f417   Thumb Code     0  __scatter.o(!!!scatter)
    __scatterload_copy                       0x0001f43d   Thumb Code    26  __scatter_copy.o(!!handler_copy)
    __scatterload_zeroinit                   0x0001f459   Thumb Code    28  __scatter_zi.o(!!handler_zi)
    _printf_f                                0x0001f475   Thumb Code     0  _printf_f.o(.ARM.Collect$$_printf_percent$$00000003)
    _printf_percent                          0x0001f475   Thumb Code     0  _printf_percent.o(.ARM.Collect$$_printf_percent$$00000000)
    _printf_x                                0x0001f47b   Thumb Code     0  _printf_x.o(.ARM.Collect$$_printf_percent$$0000000C)
    _printf_c                                0x0001f481   Thumb Code     0  _printf_c.o(.ARM.Collect$$_printf_percent$$00000013)
    _printf_s                                0x0001f487   Thumb Code     0  _printf_s.o(.ARM.Collect$$_printf_percent$$00000014)
    _printf_percent_end                      0x0001f48d   Thumb Code     0  _printf_percent_end.o(.ARM.Collect$$_printf_percent$$00000017)
    __rt_lib_init                            0x0001f491   Thumb Code     0  libinit.o(.ARM.Collect$$libinit$$00000000)
    __rt_lib_init_fp_1                       0x0001f493   Thumb Code     0  libinit2.o(.ARM.Collect$$libinit$$00000001)
    __rt_lib_init_heap_1                     0x0001f497   Thumb Code     0  libinit2.o(.ARM.Collect$$libinit$$0000000A)
    __rt_lib_init_lc_common                  0x0001f497   Thumb Code     0  libinit2.o(.ARM.Collect$$libinit$$0000000F)
    __rt_lib_init_preinit_1                  0x0001f497   Thumb Code     0  libinit2.o(.ARM.Collect$$libinit$$00000004)
    __rt_lib_init_rand_1                     0x0001f497   Thumb Code     0  libinit2.o(.ARM.Collect$$libinit$$0000000E)
    __rt_lib_init_user_alloc_1               0x0001f497   Thumb Code     0  libinit2.o(.ARM.Collect$$libinit$$0000000C)
    __rt_lib_init_lc_collate_1               0x0001f49d   Thumb Code     0  libinit2.o(.ARM.Collect$$libinit$$00000011)
    __rt_lib_init_lc_ctype_1                 0x0001f49d   Thumb Code     0  libinit2.o(.ARM.Collect$$libinit$$00000013)
    __rt_lib_init_lc_monetary_1              0x0001f49d   Thumb Code     0  libinit2.o(.ARM.Collect$$libinit$$00000015)
    __rt_lib_init_lc_numeric_2               0x0001f49d   Thumb Code     0  libinit2.o(.ARM.Collect$$libinit$$00000016)
    __rt_lib_init_alloca_1                   0x0001f4a7   Thumb Code     0  libinit2.o(.ARM.Collect$$libinit$$0000002E)
    __rt_lib_init_argv_1                     0x0001f4a7   Thumb Code     0  libinit2.o(.ARM.Collect$$libinit$$0000002C)
    __rt_lib_init_atexit_1                   0x0001f4a7   Thumb Code     0  libinit2.o(.ARM.Collect$$libinit$$0000001B)
    __rt_lib_init_clock_1                    0x0001f4a7   Thumb Code     0  libinit2.o(.ARM.Collect$$libinit$$00000021)
    __rt_lib_init_cpp_1                      0x0001f4a7   Thumb Code     0  libinit2.o(.ARM.Collect$$libinit$$00000032)
    __rt_lib_init_exceptions_1               0x0001f4a7   Thumb Code     0  libinit2.o(.ARM.Collect$$libinit$$00000030)
    __rt_lib_init_fp_trap_1                  0x0001f4a7   Thumb Code     0  libinit2.o(.ARM.Collect$$libinit$$0000001F)
    __rt_lib_init_getenv_1                   0x0001f4a7   Thumb Code     0  libinit2.o(.ARM.Collect$$libinit$$00000023)
    __rt_lib_init_lc_numeric_1               0x0001f4a7   Thumb Code     0  libinit2.o(.ARM.Collect$$libinit$$00000017)
    __rt_lib_init_lc_time_1                  0x0001f4a7   Thumb Code     0  libinit2.o(.ARM.Collect$$libinit$$00000019)
    __rt_lib_init_return                     0x0001f4a7   Thumb Code     0  libinit2.o(.ARM.Collect$$libinit$$00000033)
    __rt_lib_init_signal_1                   0x0001f4a7   Thumb Code     0  libinit2.o(.ARM.Collect$$libinit$$0000001D)
    __rt_lib_init_stdio_1                    0x0001f4a7   Thumb Code     0  libinit2.o(.ARM.Collect$$libinit$$00000025)
    __rt_lib_shutdown                        0x0001f4a9   Thumb Code     0  libshutdown.o(.ARM.Collect$$libshutdown$$00000000)
    __rt_lib_shutdown_cpp_1                  0x0001f4ab   Thumb Code     0  libshutdown2.o(.ARM.Collect$$libshutdown$$00000002)
    __rt_lib_shutdown_fp_trap_1              0x0001f4ab   Thumb Code     0  libshutdown2.o(.ARM.Collect$$libshutdown$$00000007)
    __rt_lib_shutdown_heap_1                 0x0001f4ab   Thumb Code     0  libshutdown2.o(.ARM.Collect$$libshutdown$$0000000F)
    __rt_lib_shutdown_return                 0x0001f4ab   Thumb Code     0  libshutdown2.o(.ARM.Collect$$libshutdown$$00000010)
    __rt_lib_shutdown_signal_1               0x0001f4ab   Thumb Code     0  libshutdown2.o(.ARM.Collect$$libshutdown$$0000000A)
    __rt_lib_shutdown_stdio_1                0x0001f4ab   Thumb Code     0  libshutdown2.o(.ARM.Collect$$libshutdown$$00000004)
    __rt_lib_shutdown_user_alloc_1           0x0001f4ab   Thumb Code     0  libshutdown2.o(.ARM.Collect$$libshutdown$$0000000C)
    __rt_entry                               0x0001f4ad   Thumb Code     0  __rtentry.o(.ARM.Collect$$rtentry$$00000000)
    __rt_entry_presh_1                       0x0001f4ad   Thumb Code     0  __rtentry2.o(.ARM.Collect$$rtentry$$00000002)
    __rt_entry_sh                            0x0001f4ad   Thumb Code     0  __rtentry4.o(.ARM.Collect$$rtentry$$00000004)
    __rt_entry_li                            0x0001f4b3   Thumb Code     0  __rtentry2.o(.ARM.Collect$$rtentry$$0000000A)
    __rt_entry_postsh_1                      0x0001f4b3   Thumb Code     0  __rtentry2.o(.ARM.Collect$$rtentry$$00000009)
    __rt_entry_main                          0x0001f4b7   Thumb Code     0  __rtentry2.o(.ARM.Collect$$rtentry$$0000000D)
    __rt_entry_postli_1                      0x0001f4b7   Thumb Code     0  __rtentry2.o(.ARM.Collect$$rtentry$$0000000C)
    __rt_exit                                0x0001f4bf   Thumb Code     0  rtexit.o(.ARM.Collect$$rtexit$$00000000)
    __rt_exit_ls                             0x0001f4c1   Thumb Code     0  rtexit2.o(.ARM.Collect$$rtexit$$00000003)
    __rt_exit_prels_1                        0x0001f4c1   Thumb Code     0  rtexit2.o(.ARM.Collect$$rtexit$$00000002)
    __rt_exit_exit                           0x0001f4c5   Thumb Code     0  rtexit2.o(.ARM.Collect$$rtexit$$00000004)
    __asm___13_nrf_drv_twi_c_a9bcf68d__nrf_delay_us 0x0001f4cd   Thumb Code   118  nrf_drv_twi.o(.emb_text)
    __asm___11_app_timer_c_cd27f9c3__nrf_delay_us 0x0001f545   Thumb Code   118  app_timer.o(.emb_text)
    Reset_Handler                            0x0001f5bd   Thumb Code     8  arm_startup_nrf52.o(.text)
    NMI_Handler                              0x0001f5c5   Thumb Code     2  arm_startup_nrf52.o(.text)
    HardFault_Handler                        0x0001f5c7   Thumb Code     2  arm_startup_nrf52.o(.text)
    MemoryManagement_Handler                 0x0001f5c9   Thumb Code     2  arm_startup_nrf52.o(.text)
    BusFault_Handler                         0x0001f5cb   Thumb Code     2  arm_startup_nrf52.o(.text)
    UsageFault_Handler                       0x0001f5cd   Thumb Code     2  arm_startup_nrf52.o(.text)
    SVC_Handler                              0x0001f5cf   Thumb Code     2  arm_startup_nrf52.o(.text)
    PendSV_Handler                           0x0001f5d1   Thumb Code     2  arm_startup_nrf52.o(.text)
    SysTick_Handler                          0x0001f5d3   Thumb Code     2  arm_startup_nrf52.o(.text)
    CCM_AAR_IRQHandler                       0x0001f5d5   Thumb Code     0  arm_startup_nrf52.o(.text)
    COMP_LPCOMP_IRQHandler                   0x0001f5d5   Thumb Code     0  arm_startup_nrf52.o(.text)
    ECB_IRQHandler                           0x0001f5d5   Thumb Code     0  arm_startup_nrf52.o(.text)
    I2S_IRQHandler                           0x0001f5d5   Thumb Code     0  arm_startup_nrf52.o(.text)
    MWU_IRQHandler                           0x0001f5d5   Thumb Code     0  arm_startup_nrf52.o(.text)
    NFCT_IRQHandler                          0x0001f5d5   Thumb Code     0  arm_startup_nrf52.o(.text)
    PDM_IRQHandler                           0x0001f5d5   Thumb Code     0  arm_startup_nrf52.o(.text)
    POWER_CLOCK_IRQHandler                   0x0001f5d5   Thumb Code     0  arm_startup_nrf52.o(.text)
    PWM0_IRQHandler                          0x0001f5d5   Thumb Code     0  arm_startup_nrf52.o(.text)
    PWM1_IRQHandler                          0x0001f5d5   Thumb Code     0  arm_startup_nrf52.o(.text)
    PWM2_IRQHandler                          0x0001f5d5   Thumb Code     0  arm_startup_nrf52.o(.text)
    QDEC_IRQHandler                          0x0001f5d5   Thumb Code     0  arm_startup_nrf52.o(.text)
    RADIO_IRQHandler                         0x0001f5d5   Thumb Code     0  arm_startup_nrf52.o(.text)
    RNG_IRQHandler                           0x0001f5d5   Thumb Code     0  arm_startup_nrf52.o(.text)
    RTC0_IRQHandler                          0x0001f5d5   Thumb Code     0  arm_startup_nrf52.o(.text)
    RTC2_IRQHandler                          0x0001f5d5   Thumb Code     0  arm_startup_nrf52.o(.text)
    SAADC_IRQHandler                         0x0001f5d5   Thumb Code     0  arm_startup_nrf52.o(.text)
    SPIM1_SPIS1_TWIM1_TWIS1_SPI1_TWI1_IRQHandler 0x0001f5d5   Thumb Code     0  arm_startup_nrf52.o(.text)
    SPIM2_SPIS2_SPI2_IRQHandler              0x0001f5d5   Thumb Code     0  arm_startup_nrf52.o(.text)
    SWI1_EGU1_IRQHandler                     0x0001f5d5   Thumb Code     0  arm_startup_nrf52.o(.text)
    SWI3_EGU3_IRQHandler                     0x0001f5d5   Thumb Code     0  arm_startup_nrf52.o(.text)
    SWI4_EGU4_IRQHandler                     0x0001f5d5   Thumb Code     0  arm_startup_nrf52.o(.text)
    SWI5_EGU5_IRQHandler                     0x0001f5d5   Thumb Code     0  arm_startup_nrf52.o(.text)
    TEMP_IRQHandler                          0x0001f5d5   Thumb Code     0  arm_startup_nrf52.o(.text)
    TIMER0_IRQHandler                        0x0001f5d5   Thumb Code     0  arm_startup_nrf52.o(.text)
    TIMER1_IRQHandler                        0x0001f5d5   Thumb Code     0  arm_startup_nrf52.o(.text)
    TIMER2_IRQHandler                        0x0001f5d5   Thumb Code     0  arm_startup_nrf52.o(.text)
    TIMER3_IRQHandler                        0x0001f5d5   Thumb Code     0  arm_startup_nrf52.o(.text)
    TIMER4_IRQHandler                        0x0001f5d5   Thumb Code     0  arm_startup_nrf52.o(.text)
    WDT_IRQHandler                           0x0001f5d5   Thumb Code     0  arm_startup_nrf52.o(.text)
    __user_initial_stackheap                 0x0001f5d9   Thumb Code     0  arm_startup_nrf52.o(.text)
    __2printf                                0x0001f5fd   Thumb Code    20  noretval__2printf.o(.text)
    __2sprintf                               0x0001f615   Thumb Code    34  noretval__2sprintf.o(.text)
    _printf_pre_padding                      0x0001f63d   Thumb Code    44  _printf_pad.o(.text)
    _printf_post_padding                     0x0001f669   Thumb Code    34  _printf_pad.o(.text)
    _printf_str                              0x0001f68b   Thumb Code    82  _printf_str.o(.text)
    _printf_int_hex                          0x0001f6dd   Thumb Code    84  _printf_hex_int.o(.text)
    _printf_longlong_hex                     0x0001f6dd   Thumb Code     0  _printf_hex_int.o(.text)
    __printf                                 0x0001f735   Thumb Code   308  __printf_flags_wp.o(.text)
    getc                                     0x0001f86d   Thumb Code     4  getc.o(.text)
    __aeabi_memcpy                           0x0001f871   Thumb Code     0  rt_memcpy_v6.o(.text)
    __rt_memcpy                              0x0001f871   Thumb Code   138  rt_memcpy_v6.o(.text)
    _memcpy_lastbytes                        0x0001f8d7   Thumb Code     0  rt_memcpy_v6.o(.text)
    __aeabi_memcpy4                          0x0001f8fb   Thumb Code     0  rt_memcpy_w.o(.text)
    __aeabi_memcpy8                          0x0001f8fb   Thumb Code     0  rt_memcpy_w.o(.text)
    __rt_memcpy_w                            0x0001f8fb   Thumb Code   100  rt_memcpy_w.o(.text)
    _memcpy_lastbytes_aligned                0x0001f943   Thumb Code     0  rt_memcpy_w.o(.text)
    __aeabi_memclr4                          0x0001f95f   Thumb Code     0  rt_memclr_w.o(.text)
    __aeabi_memclr8                          0x0001f95f   Thumb Code     0  rt_memclr_w.o(.text)
    __rt_memclr_w                            0x0001f95f   Thumb Code    78  rt_memclr_w.o(.text)
    _memset_w                                0x0001f963   Thumb Code     0  rt_memclr_w.o(.text)
    __use_two_region_memory                  0x0001f9ad   Thumb Code     2  heapauxi.o(.text)
    __rt_heap_escrow$2region                 0x0001f9af   Thumb Code     2  heapauxi.o(.text)
    __rt_heap_expand$2region                 0x0001f9b1   Thumb Code     2  heapauxi.o(.text)
    _printf_int_common                       0x0001f9b3   Thumb Code   178  _printf_intcommon.o(.text)
    __lib_sel_fp_printf                      0x0001fa65   Thumb Code     2  _printf_fp_dec.o(.text)
    _printf_fp_dec_real                      0x0001fc13   Thumb Code   620  _printf_fp_dec.o(.text)
    _printf_char_common                      0x0001fe8b   Thumb Code    32  _printf_char_common.o(.text)
    _sputc                                   0x0001feb1   Thumb Code    10  _sputc.o(.text)
    _printf_cs_common                        0x0001febb   Thumb Code    20  _printf_char.o(.text)
    _printf_char                             0x0001fecf   Thumb Code    16  _printf_char.o(.text)
    _printf_string                           0x0001fedf   Thumb Code     8  _printf_char.o(.text)
    _printf_char_file                        0x0001fee9   Thumb Code    32  _printf_char_file.o(.text)
    __rt_locale                              0x0001ff0d   Thumb Code     8  rt_locale_intlibspace.o(.text)
    _ll_udiv10                               0x0001ff15   Thumb Code   138  lludiv10.o(.text)
    _printf_fp_infnan                        0x0001ffa1   Thumb Code   112  _printf_fp_infnan.o(.text)
    _btod_etento                             0x00020021   Thumb Code   216  bigflt0.o(.text)
    ferror                                   0x000200fd   Thumb Code     8  ferror.o(.text)
    __user_libspace                          0x00020105   Thumb Code     8  libspace.o(.text)
    __user_perproc_libspace                  0x00020105   Thumb Code     0  libspace.o(.text)
    __user_perthread_libspace                0x00020105   Thumb Code     0  libspace.o(.text)
    __user_setup_stackheap                   0x0002010d   Thumb Code    74  sys_stackheap_outer.o(.text)
    exit                                     0x00020157   Thumb Code    18  exit.o(.text)
    strcmp                                   0x00020169   Thumb Code   128  strcmpv7m.o(.text)
    _sys_exit                                0x000201e9   Thumb Code     8  sys_exit.o(.text)
    __I$use$semihosting                      0x000201f5   Thumb Code     0  use_no_semi.o(.text)
    __use_no_semihosting_swi                 0x000201f5   Thumb Code     2  use_no_semi.o(.text)
    __semihosting_library_function           0x000201f7   Thumb Code     0  indicate_semi.o(.text)
    _btod_d2e                                0x000201f7   Thumb Code    62  btod.o(CL$$btod_d2e)
    _d2e_denorm_low                          0x00020235   Thumb Code    70  btod.o(CL$$btod_d2e_denorm_low)
    _d2e_norm_op1                            0x0002027b   Thumb Code    96  btod.o(CL$$btod_d2e_norm_op1)
    __btod_div_common                        0x000202db   Thumb Code   696  btod.o(CL$$btod_div_common)
    _e2e                                     0x00020613   Thumb Code   198  btod.o(CL$$btod_e2e)
    _btod_ediv                               0x000206d9   Thumb Code    40  btod.o(CL$$btod_ediv)
    _btod_emul                               0x00020701   Thumb Code    40  btod.o(CL$$btod_emul)
    __btod_mult_common                       0x00020729   Thumb Code   580  btod.o(CL$$btod_mult_common)
    GPIOTE_IRQHandler                        0x0002096d   Thumb Code   262  nrf_drv_gpiote.o(i.GPIOTE_IRQHandler)
    I2CwriteBit                              0x00020a81   Thumb Code    52  main.o(i.I2CwriteBit)
    RTC1_IRQHandler                          0x00020b19   Thumb Code    32  app_timer.o(i.RTC1_IRQHandler)
    SPIM0_SPIS0_TWIM0_TWIS0_SPI0_TWI0_IRQHandler 0x00020b3d   Thumb Code     8  nrf_drv_twi.o(i.SPIM0_SPIS0_TWIM0_TWIS0_SPI0_TWI0_IRQHandler)
    SWI0_EGU0_IRQHandler                     0x00020b49   Thumb Code    78  app_timer.o(i.SWI0_EGU0_IRQHandler)
    SWI2_EGU2_IRQHandler                     0x00020b9d   Thumb Code    36  softdevice_handler.o(i.SWI2_EGU2_IRQHandler)
    SystemInit                               0x00020bc5   Thumb Code   254  system_nrf52.o(i.SystemInit)
    UARTE0_UART0_IRQHandler                  0x00020ce5   Thumb Code   360  nrf_drv_uart.o(i.UARTE0_UART0_IRQHandler)
    __ARM_fpclassify                         0x00020e55   Thumb Code    48  fpclassify.o(i.__ARM_fpclassify)
    _is_digit                                0x00020e85   Thumb Code    14  __printf_wp.o(i._is_digit)
    adv_data_encode                          0x00020f0d   Thumb Code   514  ble_advdata.o(i.adv_data_encode)
    app_button_enable                        0x000211d1   Thumb Code    32  app_button.o(i.app_button_enable)
    app_button_init                          0x000211f5   Thumb Code    98  app_button.o(i.app_button_init)
    app_error_handler                        0x00021269   Thumb Code    24  app_error.o(i.app_error_handler)
    app_fifo_get                             0x00021289   Thumb Code    34  app_fifo.o(i.app_fifo_get)
    app_fifo_init                            0x000212ab   Thumb Code    32  app_fifo.o(i.app_fifo_init)
    app_fifo_put                             0x000212cb   Thumb Code    34  app_fifo.o(i.app_fifo_put)
    app_timer_create                         0x000212ed   Thumb Code    72  app_timer.o(i.app_timer_create)
    app_timer_init                           0x00021339   Thumb Code   174  app_timer.o(i.app_timer_init)
    app_timer_start                          0x000213f1   Thumb Code   132  app_timer.o(i.app_timer_start)
    app_timer_stop                           0x0002147d   Thumb Code    86  app_timer.o(i.app_timer_stop)
    app_uart_get                             0x000214d9   Thumb Code     8  app_uart_fifo.o(i.app_uart_get)
    app_uart_init                            0x000214e5   Thumb Code   138  app_uart_fifo.o(i.app_uart_init)
    app_uart_put                             0x00021581   Thumb Code    34  app_uart_fifo.o(i.app_uart_put)
    ble_advdata_set                          0x00021625   Thumb Code   104  ble_advdata.o(i.ble_advdata_set)
    ble_advertising_init                     0x0002168d   Thumb Code   274  ble_advertising.o(i.ble_advertising_init)
    ble_advertising_on_ble_evt               0x000217a9   Thumb Code   122  ble_advertising.o(i.ble_advertising_on_ble_evt)
    ble_advertising_restart_without_whitelist 0x00021839   Thumb Code    48  ble_advertising.o(i.ble_advertising_restart_without_whitelist)
    ble_advertising_start                    0x00021871   Thumb Code   462  ble_advertising.o(i.ble_advertising_start)
    ble_conn_params_init                     0x00021a49   Thumb Code    76  ble_conn_params.o(i.ble_conn_params_init)
    ble_conn_params_on_ble_evt               0x00021aa1   Thumb Code   128  ble_conn_params.o(i.ble_conn_params_on_ble_evt)
    ble_nus_init                             0x00021bb5   Thumb Code    94  ble_nus.o(i.ble_nus_init)
    ble_nus_on_ble_evt                       0x00021c19   Thumb Code    82  ble_nus.o(i.ble_nus_on_ble_evt)
    ble_nus_string_send                      0x00021c6b   Thumb Code    78  ble_nus.o(i.ble_nus_string_send)
    bsp_btn_ble_init                         0x00021cb9   Thumb Code    72  bsp_btn_ble.o(i.bsp_btn_ble_init)
    bsp_btn_ble_on_ble_evt                   0x00021d05   Thumb Code   106  bsp_btn_ble.o(i.bsp_btn_ble_on_ble_evt)
    bsp_btn_ble_sleep_mode_prepare           0x00021d75   Thumb Code    18  bsp_btn_ble.o(i.bsp_btn_ble_sleep_mode_prepare)
    bsp_button_is_pressed                    0x00021e2d   Thumb Code    34  bsp.o(i.bsp_button_is_pressed)
    bsp_event_handler                        0x00021e59   Thumb Code    58  main.o(i.bsp_event_handler)
    bsp_event_to_button_action_assign        0x00021e99   Thumb Code    64  bsp.o(i.bsp_event_to_button_action_assign)
    bsp_indication_set                       0x00021edd   Thumb Code    20  bsp.o(i.bsp_indication_set)
    bsp_init                                 0x00021ef5   Thumb Code   140  bsp.o(i.bsp_init)
    bsp_wakeup_buttons_set                   0x00022175   Thumb Code    54  bsp.o(i.bsp_wakeup_buttons_set)
    fgetc                                    0x000224bd   Thumb Code    18  retarget.o(i.fgetc)
    fputc                                    0x000224cf   Thumb Code    14  retarget.o(i.fputc)
    func1                                    0x000224dd   Thumb Code    90  main.o(i.func1)
    intern_softdevice_events_execute         0x000225e1   Thumb Code   114  softdevice_handler.o(i.intern_softdevice_events_execute)
    main                                     0x00022885   Thumb Code   558  main.o(i.main)
    nrf_drv_common_irq_enable                0x00022c5d   Thumb Code    56  nrf_drv_common.o(i.nrf_drv_common_irq_enable)
    nrf_drv_gpiote_in_event_enable           0x00022c95   Thumb Code   134  nrf_drv_gpiote.o(i.nrf_drv_gpiote_in_event_enable)
    nrf_drv_gpiote_in_init                   0x00022d29   Thumb Code   170  nrf_drv_gpiote.o(i.nrf_drv_gpiote_in_init)
    nrf_drv_gpiote_in_is_set                 0x00022de1   Thumb Code    16  nrf_drv_gpiote.o(i.nrf_drv_gpiote_in_is_set)
    nrf_drv_gpiote_init                      0x00022df5   Thumb Code    72  nrf_drv_gpiote.o(i.nrf_drv_gpiote_init)
    nrf_drv_gpiote_is_init                   0x00022e45   Thumb Code    12  nrf_drv_gpiote.o(i.nrf_drv_gpiote_is_init)
    nrf_drv_twi_enable                       0x00022e55   Thumb Code    84  nrf_drv_twi.o(i.nrf_drv_twi_enable)
    nrf_drv_twi_init                         0x00022eb1   Thumb Code   142  nrf_drv_twi.o(i.nrf_drv_twi_init)
    nrf_drv_twi_rx                           0x00023019   Thumb Code    16  nrf_drv_twi.o(i.nrf_drv_twi_rx)
    nrf_drv_twi_tx                           0x00023029   Thumb Code    16  nrf_drv_twi.o(i.nrf_drv_twi_tx)
    nrf_drv_uart_init                        0x00023039   Thumb Code    90  nrf_drv_uart.o(i.nrf_drv_uart_init)
    nrf_drv_uart_rx                          0x000230a9   Thumb Code   284  nrf_drv_uart.o(i.nrf_drv_uart_rx)
    nrf_drv_uart_rx_enable                   0x000231cd   Thumb Code    20  nrf_drv_uart.o(i.nrf_drv_uart_rx_enable)
    nrf_drv_uart_tx                          0x000231e5   Thumb Code   224  nrf_drv_uart.o(i.nrf_drv_uart_tx)
    pstorage_access_status_get               0x00023539   Thumb Code    28  pstorage.o(i.pstorage_access_status_get)
    readData                                 0x0002355d   Thumb Code    94  main.o(i.readData)
    softdevice_assertion_handler             0x000238cd   Thumb Code    12  softdevice_handler.o(i.softdevice_assertion_handler)
    softdevice_ble_evt_handler_set           0x000238d9   Thumb Code    14  softdevice_handler.o(i.softdevice_ble_evt_handler_set)
    softdevice_handler_init                  0x000238ed   Thumb Code    38  softdevice_handler.o(i.softdevice_handler_init)
    toggleMPU_RDY                            0x00023ae9   Thumb Code    16  main.o(i.toggleMPU_RDY)
    uart_event_handle                        0x00023ee5   Thumb Code    22  main.o(i.uart_event_handle)
    uart_event_handler                       0x00023efd   Thumb Code   136  app_uart_fifo.o(i.uart_event_handler)
    _get_lc_numeric                          0x0002419d   Thumb Code    44  lc_numeric_c.o(locale$$code)
    __fpl_dretinf                            0x000241c9   Thumb Code    12  dretinf.o(x$fpl$dretinf)
    __aeabi_f2d                              0x000241d5   Thumb Code     0  f2d.o(x$fpl$f2d)
    _f2d                                     0x000241d5   Thumb Code    86  f2d.o(x$fpl$f2d)
    __fpl_fnaninf                            0x0002422b   Thumb Code   140  fnaninf.o(x$fpl$fnaninf)
    _fp_init                                 0x000242b7   Thumb Code    10  fpinit.o(x$fpl$fpinit)
    __fplib_config_fpu_vfp                   0x000242bf   Thumb Code     0  fpinit.o(x$fpl$fpinit)
    __fplib_config_pureend_doubles           0x000242bf   Thumb Code     0  fpinit.o(x$fpl$fpinit)
    _printf_fp_dec                           0x000242c1   Thumb Code     4  printf1.o(x$fpl$printf1)
    __I$use$fp                               0x000242c4   Number         0  usenofp.o(x$fpl$usenofp)
    MSG_LINE                                 0x000242cc   Data          46  main.o(.constdata)
    MID_LINE                                 0x000242fa   Data          47  main.o(.constdata)
    Region$$Table$$Base                      0x00024558   Number         0  anon$$obj.o(Region$$Table)
    Region$$Table$$Limit                     0x00024578   Number         0  anon$$obj.o(Region$$Table)
    mpu_rdy                                  0x20002801   Data           1  main.o(.data)
    __stdout                                 0x200028ec   Data           4  retarget.o(.data)
    __stdin                                  0x200028f0   Data           4  retarget.o(.data)
    SystemCoreClock                          0x20002908   Data           4  system_nrf52.o(.data)
    data                                     0x2000290c   Data          24  main.o(.bss)
    __libspace_start                         0x200032e8   Data          96  libspace.o(.bss)
    __temporary_stack_top$libspace           0x20003348   Data           0  libspace.o(.bss)



==============================================================================

Memory Map of the image

  Image Entry point : 0x0001f401

  Load Region LR_IROM1 (Base: 0x0001f000, Size: 0x000056a0, Max: 0x00061000, ABSOLUTE)

    Execution Region ER_IROM1 (Base: 0x0001f000, Size: 0x00005594, Max: 0x00061000, ABSOLUTE)

    Base Addr    Size         Type   Attr      Idx    E Section Name        Object

    0x0001f000   0x00000400   Data   RO         2245    RESET               arm_startup_nrf52.o
    0x0001f400   0x00000008   Code   RO         2364  * !!!main             c_w.l(__main.o)
    0x0001f408   0x00000034   Code   RO         2592    !!!scatter          c_w.l(__scatter.o)
    0x0001f43c   0x0000001a   Code   RO         2594    !!handler_copy      c_w.l(__scatter_copy.o)
    0x0001f456   0x00000002   PAD
    0x0001f458   0x0000001c   Code   RO         2596    !!handler_zi        c_w.l(__scatter_zi.o)
    0x0001f474   0x00000000   Code   RO         2351    .ARM.Collect$$_printf_percent$$00000000  c_w.l(_printf_percent.o)
    0x0001f474   0x00000006   Code   RO         2350    .ARM.Collect$$_printf_percent$$00000003  c_w.l(_printf_f.o)
    0x0001f47a   0x00000006   Code   RO         2349    .ARM.Collect$$_printf_percent$$0000000C  c_w.l(_printf_x.o)
    0x0001f480   0x00000006   Code   RO         2347    .ARM.Collect$$_printf_percent$$00000013  c_w.l(_printf_c.o)
    0x0001f486   0x00000006   Code   RO         2348    .ARM.Collect$$_printf_percent$$00000014  c_w.l(_printf_s.o)
    0x0001f48c   0x00000004   Code   RO         2383    .ARM.Collect$$_printf_percent$$00000017  c_w.l(_printf_percent_end.o)
    0x0001f490   0x00000002   Code   RO         2465    .ARM.Collect$$libinit$$00000000  c_w.l(libinit.o)
    0x0001f492   0x00000004   Code   RO         2466    .ARM.Collect$$libinit$$00000001  c_w.l(libinit2.o)
    0x0001f496   0x00000000   Code   RO         2469    .ARM.Collect$$libinit$$00000004  c_w.l(libinit2.o)
    0x0001f496   0x00000000   Code   RO         2472    .ARM.Collect$$libinit$$0000000A  c_w.l(libinit2.o)
    0x0001f496   0x00000000   Code   RO         2474    .ARM.Collect$$libinit$$0000000C  c_w.l(libinit2.o)
    0x0001f496   0x00000000   Code   RO         2476    .ARM.Collect$$libinit$$0000000E  c_w.l(libinit2.o)
    0x0001f496   0x00000006   Code   RO         2477    .ARM.Collect$$libinit$$0000000F  c_w.l(libinit2.o)
    0x0001f49c   0x00000000   Code   RO         2479    .ARM.Collect$$libinit$$00000011  c_w.l(libinit2.o)
    0x0001f49c   0x00000000   Code   RO         2481    .ARM.Collect$$libinit$$00000013  c_w.l(libinit2.o)
    0x0001f49c   0x00000000   Code   RO         2483    .ARM.Collect$$libinit$$00000015  c_w.l(libinit2.o)
    0x0001f49c   0x0000000a   Code   RO         2484    .ARM.Collect$$libinit$$00000016  c_w.l(libinit2.o)
    0x0001f4a6   0x00000000   Code   RO         2485    .ARM.Collect$$libinit$$00000017  c_w.l(libinit2.o)
    0x0001f4a6   0x00000000   Code   RO         2487    .ARM.Collect$$libinit$$00000019  c_w.l(libinit2.o)
    0x0001f4a6   0x00000000   Code   RO         2489    .ARM.Collect$$libinit$$0000001B  c_w.l(libinit2.o)
    0x0001f4a6   0x00000000   Code   RO         2491    .ARM.Collect$$libinit$$0000001D  c_w.l(libinit2.o)
    0x0001f4a6   0x00000000   Code   RO         2493    .ARM.Collect$$libinit$$0000001F  c_w.l(libinit2.o)
    0x0001f4a6   0x00000000   Code   RO         2495    .ARM.Collect$$libinit$$00000021  c_w.l(libinit2.o)
    0x0001f4a6   0x00000000   Code   RO         2497    .ARM.Collect$$libinit$$00000023  c_w.l(libinit2.o)
    0x0001f4a6   0x00000000   Code   RO         2499    .ARM.Collect$$libinit$$00000025  c_w.l(libinit2.o)
    0x0001f4a6   0x00000000   Code   RO         2503    .ARM.Collect$$libinit$$0000002C  c_w.l(libinit2.o)
    0x0001f4a6   0x00000000   Code   RO         2505    .ARM.Collect$$libinit$$0000002E  c_w.l(libinit2.o)
    0x0001f4a6   0x00000000   Code   RO         2507    .ARM.Collect$$libinit$$00000030  c_w.l(libinit2.o)
    0x0001f4a6   0x00000000   Code   RO         2509    .ARM.Collect$$libinit$$00000032  c_w.l(libinit2.o)
    0x0001f4a6   0x00000002   Code   RO         2510    .ARM.Collect$$libinit$$00000033  c_w.l(libinit2.o)
    0x0001f4a8   0x00000002   Code   RO         2540    .ARM.Collect$$libshutdown$$00000000  c_w.l(libshutdown.o)
    0x0001f4aa   0x00000000   Code   RO         2551    .ARM.Collect$$libshutdown$$00000002  c_w.l(libshutdown2.o)
    0x0001f4aa   0x00000000   Code   RO         2553    .ARM.Collect$$libshutdown$$00000004  c_w.l(libshutdown2.o)
    0x0001f4aa   0x00000000   Code   RO         2556    .ARM.Collect$$libshutdown$$00000007  c_w.l(libshutdown2.o)
    0x0001f4aa   0x00000000   Code   RO         2559    .ARM.Collect$$libshutdown$$0000000A  c_w.l(libshutdown2.o)
    0x0001f4aa   0x00000000   Code   RO         2561    .ARM.Collect$$libshutdown$$0000000C  c_w.l(libshutdown2.o)
    0x0001f4aa   0x00000000   Code   RO         2564    .ARM.Collect$$libshutdown$$0000000F  c_w.l(libshutdown2.o)
    0x0001f4aa   0x00000002   Code   RO         2565    .ARM.Collect$$libshutdown$$00000010  c_w.l(libshutdown2.o)
    0x0001f4ac   0x00000000   Code   RO         2370    .ARM.Collect$$rtentry$$00000000  c_w.l(__rtentry.o)
    0x0001f4ac   0x00000000   Code   RO         2390    .ARM.Collect$$rtentry$$00000002  c_w.l(__rtentry2.o)
    0x0001f4ac   0x00000006   Code   RO         2402    .ARM.Collect$$rtentry$$00000004  c_w.l(__rtentry4.o)
    0x0001f4b2   0x00000000   Code   RO         2392    .ARM.Collect$$rtentry$$00000009  c_w.l(__rtentry2.o)
    0x0001f4b2   0x00000004   Code   RO         2393    .ARM.Collect$$rtentry$$0000000A  c_w.l(__rtentry2.o)
    0x0001f4b6   0x00000000   Code   RO         2395    .ARM.Collect$$rtentry$$0000000C  c_w.l(__rtentry2.o)
    0x0001f4b6   0x00000008   Code   RO         2396    .ARM.Collect$$rtentry$$0000000D  c_w.l(__rtentry2.o)
    0x0001f4be   0x00000002   Code   RO         2511    .ARM.Collect$$rtexit$$00000000  c_w.l(rtexit.o)
    0x0001f4c0   0x00000000   Code   RO         2518    .ARM.Collect$$rtexit$$00000002  c_w.l(rtexit2.o)
    0x0001f4c0   0x00000004   Code   RO         2519    .ARM.Collect$$rtexit$$00000003  c_w.l(rtexit2.o)
    0x0001f4c4   0x00000006   Code   RO         2520    .ARM.Collect$$rtexit$$00000004  c_w.l(rtexit2.o)
    0x0001f4ca   0x00000002   PAD
    0x0001f4cc   0x00000076   Code   RO         1648    .emb_text           nrf_drv_twi.o
    0x0001f542   0x00000002   PAD
    0x0001f544   0x00000076   Code   RO         1946    .emb_text           app_timer.o
    0x0001f5ba   0x00000002   PAD
    0x0001f5bc   0x00000040   Code   RO         2246    .text               arm_startup_nrf52.o
    0x0001f5fc   0x00000018   Code   RO         2296    .text               c_w.l(noretval__2printf.o)
    0x0001f614   0x00000028   Code   RO         2298    .text               c_w.l(noretval__2sprintf.o)
    0x0001f63c   0x0000004e   Code   RO         2302    .text               c_w.l(_printf_pad.o)
    0x0001f68a   0x00000052   Code   RO         2304    .text               c_w.l(_printf_str.o)
    0x0001f6dc   0x00000058   Code   RO         2309    .text               c_w.l(_printf_hex_int.o)
    0x0001f734   0x00000138   Code   RO         2339    .text               c_w.l(__printf_flags_wp.o)
    0x0001f86c   0x00000004   Code   RO         2352    .text               c_w.l(getc.o)
    0x0001f870   0x0000008a   Code   RO         2356    .text               c_w.l(rt_memcpy_v6.o)
    0x0001f8fa   0x00000064   Code   RO         2358    .text               c_w.l(rt_memcpy_w.o)
    0x0001f95e   0x0000004e   Code   RO         2360    .text               c_w.l(rt_memclr_w.o)
    0x0001f9ac   0x00000006   Code   RO         2362    .text               c_w.l(heapauxi.o)
    0x0001f9b2   0x000000b2   Code   RO         2371    .text               c_w.l(_printf_intcommon.o)
    0x0001fa64   0x0000041a   Code   RO         2373    .text               c_w.l(_printf_fp_dec.o)
    0x0001fe7e   0x00000002   PAD
    0x0001fe80   0x00000030   Code   RO         2375    .text               c_w.l(_printf_char_common.o)
    0x0001feb0   0x0000000a   Code   RO         2377    .text               c_w.l(_sputc.o)
    0x0001feba   0x0000002c   Code   RO         2379    .text               c_w.l(_printf_char.o)
    0x0001fee6   0x00000002   PAD
    0x0001fee8   0x00000024   Code   RO         2381    .text               c_w.l(_printf_char_file.o)
    0x0001ff0c   0x00000008   Code   RO         2407    .text               c_w.l(rt_locale_intlibspace.o)
    0x0001ff14   0x0000008a   Code   RO         2409    .text               c_w.l(lludiv10.o)
    0x0001ff9e   0x00000002   PAD
    0x0001ffa0   0x00000080   Code   RO         2411    .text               c_w.l(_printf_fp_infnan.o)
    0x00020020   0x000000dc   Code   RO         2415    .text               c_w.l(bigflt0.o)
    0x000200fc   0x00000008   Code   RO         2440    .text               c_w.l(ferror.o)
    0x00020104   0x00000008   Code   RO         2451    .text               c_w.l(libspace.o)
    0x0002010c   0x0000004a   Code   RO         2454    .text               c_w.l(sys_stackheap_outer.o)
    0x00020156   0x00000012   Code   RO         2456    .text               c_w.l(exit.o)
    0x00020168   0x00000080   Code   RO         2458    .text               c_w.l(strcmpv7m.o)
    0x000201e8   0x0000000c   Code   RO         2530    .text               c_w.l(sys_exit.o)
    0x000201f4   0x00000002   Code   RO         2541    .text               c_w.l(use_no_semi.o)
    0x000201f6   0x00000000   Code   RO         2543    .text               c_w.l(indicate_semi.o)
    0x000201f6   0x0000003e   Code   RO         2418    CL$$btod_d2e        c_w.l(btod.o)
    0x00020234   0x00000046   Code   RO         2420    CL$$btod_d2e_denorm_low  c_w.l(btod.o)
    0x0002027a   0x00000060   Code   RO         2419    CL$$btod_d2e_norm_op1  c_w.l(btod.o)
    0x000202da   0x00000338   Code   RO         2428    CL$$btod_div_common  c_w.l(btod.o)
    0x00020612   0x000000c6   Code   RO         2425    CL$$btod_e2e        c_w.l(btod.o)
    0x000206d8   0x00000028   Code   RO         2422    CL$$btod_ediv       c_w.l(btod.o)
    0x00020700   0x00000028   Code   RO         2421    CL$$btod_emul       c_w.l(btod.o)
    0x00020728   0x00000244   Code   RO         2427    CL$$btod_mult_common  c_w.l(btod.o)
    0x0002096c   0x00000114   Code   RO         1036    i.GPIOTE_IRQHandler  nrf_drv_gpiote.o
    0x00020a80   0x00000034   Code   RO            4    i.I2CwriteBit       main.o
    0x00020ab4   0x00000016   Code   RO         1947    i.NVIC_ClearPendingIRQ  app_timer.o
    0x00020aca   0x00000016   Code   RO         1948    i.NVIC_EnableIRQ    app_timer.o
    0x00020ae0   0x00000016   Code   RO         1949    i.NVIC_SetPendingIRQ  app_timer.o
    0x00020af6   0x00000020   Code   RO         1950    i.NVIC_SetPriority  app_timer.o
    0x00020b16   0x00000002   PAD
    0x00020b18   0x00000024   Code   RO         1951    i.RTC1_IRQHandler   app_timer.o
    0x00020b3c   0x0000000c   Code   RO         1649    i.SPIM0_SPIS0_TWIM0_TWIS0_SPI0_TWI0_IRQHandler  nrf_drv_twi.o
    0x00020b48   0x00000054   Code   RO         1952    i.SWI0_EGU0_IRQHandler  app_timer.o
    0x00020b9c   0x00000028   Code   RO         2166    i.SWI2_EGU2_IRQHandler  softdevice_handler.o
    0x00020bc4   0x00000120   Code   RO         2254    i.SystemInit        system_nrf52.o
    0x00020ce4   0x00000170   Code   RO         1235    i.UARTE0_UART0_IRQHandler  nrf_drv_uart.o
    0x00020e54   0x00000030   Code   RO         2449    i.__ARM_fpclassify  m_wm.l(fpclassify.o)
    0x00020e84   0x0000000e   Code   RO         2337    i._is_digit         c_w.l(__printf_wp.o)
    0x00020e92   0x00000002   PAD
    0x00020e94   0x00000018   Code   RO         1650    i.ack_error         nrf_drv_twi.o
    0x00020eac   0x00000060   Code   RO         1651    i.address_req       nrf_drv_twi.o
    0x00020f0c   0x00000202   Code   RO          514    i.adv_data_encode   ble_advdata.o
    0x0002110e   0x00000036   Code   RO          450    i.advertising_buttons_configure  bsp_btn_ble.o
    0x00021144   0x0000006c   Code   RO            6    i.advertising_init  main.o
    0x000211b0   0x00000020   Code   RO          320    i.alert_timer_handler  bsp.o
    0x000211d0   0x00000024   Code   RO         1819    i.app_button_enable  app_button.o
    0x000211f4   0x00000074   Code   RO         1820    i.app_button_init   app_button.o
    0x00021268   0x00000020   Code   RO         1888    i.app_error_handler  app_error.o
    0x00021288   0x00000022   Code   RO         1914    i.app_fifo_get      app_fifo.o
    0x000212aa   0x00000020   Code   RO         1915    i.app_fifo_init     app_fifo.o
    0x000212ca   0x00000022   Code   RO         1916    i.app_fifo_put      app_fifo.o
    0x000212ec   0x0000004c   Code   RO         1955    i.app_timer_create  app_timer.o
    0x00021338   0x000000b8   Code   RO         1956    i.app_timer_init    app_timer.o
    0x000213f0   0x0000008c   Code   RO         1957    i.app_timer_start   app_timer.o
    0x0002147c   0x0000005c   Code   RO         1958    i.app_timer_stop    app_timer.o
    0x000214d8   0x0000000c   Code   RO          878    i.app_uart_get      app_uart_fifo.o
    0x000214e4   0x0000009c   Code   RO          879    i.app_uart_init     app_uart_fifo.o
    0x00021580   0x0000002c   Code   RO          880    i.app_uart_put      app_uart_fifo.o
    0x000215ac   0x00000078   Code   RO         1236    i.apply_config      nrf_drv_uart.o
    0x00021624   0x00000068   Code   RO          515    i.ble_advdata_set   ble_advdata.o
    0x0002168c   0x0000011c   Code   RO          628    i.ble_advertising_init  ble_advertising.o
    0x000217a8   0x00000080   Code   RO          629    i.ble_advertising_on_ble_evt  ble_advertising.o
    0x00021828   0x00000010   Code   RO          632    i.ble_advertising_peer_address_clear  ble_advertising.o
    0x00021838   0x00000038   Code   RO          633    i.ble_advertising_restart_without_whitelist  ble_advertising.o
    0x00021870   0x000001d8   Code   RO          634    i.ble_advertising_start  ble_advertising.o
    0x00021a48   0x00000058   Code   RO          748    i.ble_conn_params_init  ble_conn_params.o
    0x00021aa0   0x00000088   Code   RO          749    i.ble_conn_params_on_ble_evt  ble_conn_params.o
    0x00021b28   0x0000005e   Code   RO          516    i.ble_device_addr_encode  ble_advdata.o
    0x00021b86   0x00000002   PAD
    0x00021b88   0x0000002c   Code   RO            8    i.ble_evt_dispatch  main.o
    0x00021bb4   0x00000064   Code   RO          817    i.ble_nus_init      ble_nus.o
    0x00021c18   0x00000052   Code   RO          818    i.ble_nus_on_ble_evt  ble_nus.o
    0x00021c6a   0x0000004e   Code   RO          819    i.ble_nus_string_send  ble_nus.o
    0x00021cb8   0x0000004c   Code   RO          451    i.bsp_btn_ble_init  bsp_btn_ble.o
    0x00021d04   0x00000070   Code   RO          452    i.bsp_btn_ble_on_ble_evt  bsp_btn_ble.o
    0x00021d74   0x00000012   Code   RO          453    i.bsp_btn_ble_sleep_mode_prepare  bsp_btn_ble.o
    0x00021d86   0x00000002   PAD
    0x00021d88   0x000000a4   Code   RO          321    i.bsp_button_event_handler  bsp.o
    0x00021e2c   0x0000002c   Code   RO          322    i.bsp_button_is_pressed  bsp.o
    0x00021e58   0x00000040   Code   RO            9    i.bsp_event_handler  main.o
    0x00021e98   0x00000044   Code   RO          326    i.bsp_event_to_button_action_assign  bsp.o
    0x00021edc   0x00000018   Code   RO          327    i.bsp_indication_set  bsp.o
    0x00021ef4   0x000000a4   Code   RO          329    i.bsp_init          bsp.o
    0x00021f98   0x000001dc   Code   RO          330    i.bsp_led_indication  bsp.o
    0x00022174   0x0000003c   Code   RO          331    i.bsp_wakeup_buttons_set  bsp.o
    0x000221b0   0x00000008   Code   RO          332    i.button_timer_handler  bsp.o
    0x000221b8   0x0000001c   Code   RO         1037    i.channel_free      nrf_drv_gpiote.o
    0x000221d4   0x0000004c   Code   RO         1038    i.channel_port_alloc  nrf_drv_gpiote.o
    0x00022220   0x00000010   Code   RO         1039    i.channel_port_get  nrf_drv_gpiote.o
    0x00022230   0x000000a8   Code   RO         1960    i.compare_reg_update  app_timer.o
    0x000222d8   0x00000088   Code   RO          517    i.conn_int_encode   ble_advdata.o
    0x00022360   0x00000008   Code   RO           10    i.conn_params_error_handler  main.o
    0x00022368   0x00000054   Code   RO          751    i.conn_params_negotiation  ble_conn_params.o
    0x000223bc   0x00000060   Code   RO         1822    i.detection_delay_timeout_handler  app_button.o
    0x0002241c   0x00000040   Code   RO         1961    i.elapsed_ticks_acquire  app_timer.o
    0x0002245c   0x00000060   Code   RO         1962    i.expired_timers_handler  app_timer.o
    0x000224bc   0x00000012   Code   RO         2128    i.fgetc             retarget.o
    0x000224ce   0x0000000e   Code   RO         2129    i.fputc             retarget.o
    0x000224dc   0x000000b8   Code   RO           11    i.func1             main.o
    0x00022594   0x0000004c   Code   RO         1823    i.gpiote_event_handler  app_button.o
    0x000225e0   0x00000078   Code   RO         2167    i.intern_softdevice_events_execute  softdevice_handler.o
    0x00022658   0x0000001c   Code   RO          752    i.is_conn_params_ok  ble_conn_params.o
    0x00022674   0x00000054   Code   RO          518    i.le_role_encode    ble_advdata.o
    0x000226c8   0x00000014   Code   RO          333    i.leds_timer_handler  bsp.o
    0x000226dc   0x000000a4   Code   RO         1963    i.list_deletions_handler  app_timer.o
    0x00022780   0x00000104   Code   RO         1964    i.list_insertions_handler  app_timer.o
    0x00022884   0x000002d8   Code   RO           12    i.main              main.o
    0x00022b5c   0x00000064   Code   RO          519    i.manuf_specific_data_encode  ble_advdata.o
    0x00022bc0   0x0000009c   Code   RO          520    i.name_encode       ble_advdata.o
    0x00022c5c   0x00000038   Code   RO          999    i.nrf_drv_common_irq_enable  nrf_drv_common.o
    0x00022c94   0x00000094   Code   RO         1042    i.nrf_drv_gpiote_in_event_enable  nrf_drv_gpiote.o
    0x00022d28   0x000000b8   Code   RO         1043    i.nrf_drv_gpiote_in_init  nrf_drv_gpiote.o
    0x00022de0   0x00000014   Code   RO         1044    i.nrf_drv_gpiote_in_is_set  nrf_drv_gpiote.o
    0x00022df4   0x00000050   Code   RO         1046    i.nrf_drv_gpiote_init  nrf_drv_gpiote.o
    0x00022e44   0x00000010   Code   RO         1047    i.nrf_drv_gpiote_is_init  nrf_drv_gpiote.o
    0x00022e54   0x0000005c   Code   RO         1654    i.nrf_drv_twi_enable  nrf_drv_twi.o
    0x00022eb0   0x0000009c   Code   RO         1655    i.nrf_drv_twi_init  nrf_drv_twi.o
    0x00022f4c   0x000000cc   Code   RO         1656    i.nrf_drv_twi_int_handler  nrf_drv_twi.o
    0x00023018   0x00000010   Code   RO         1657    i.nrf_drv_twi_rx    nrf_drv_twi.o
    0x00023028   0x00000010   Code   RO         1658    i.nrf_drv_twi_tx    nrf_drv_twi.o
    0x00023038   0x00000070   Code   RO         1238    i.nrf_drv_uart_init  nrf_drv_uart.o
    0x000230a8   0x00000124   Code   RO         1239    i.nrf_drv_uart_rx   nrf_drv_uart.o
    0x000231cc   0x00000018   Code   RO         1242    i.nrf_drv_uart_rx_enable  nrf_drv_uart.o
    0x000231e4   0x000000e8   Code   RO         1243    i.nrf_drv_uart_tx   nrf_drv_uart.o
    0x000232cc   0x00000022   Code   RO         1059    i.nrf_gpio_cfg      nrf_drv_gpiote.o
    0x000232ee   0x00000022   Code   RO         1246    i.nrf_gpio_cfg      nrf_drv_uart.o
    0x00023310   0x00000012   Code   RO         1248    i.nrf_gpio_cfg_input  nrf_drv_uart.o
    0x00023322   0x00000014   Code   RO         1249    i.nrf_gpio_cfg_output  nrf_drv_uart.o
    0x00023336   0x0000001c   Code   RO         1061    i.nrf_gpio_cfg_sense_set  nrf_drv_gpiote.o
    0x00023352   0x00000002   PAD
    0x00023354   0x00000010   Code   RO         1660    i.nrf_gpio_pin_set  nrf_drv_twi.o
    0x00023364   0x00000014   Code   RO         1062    i.nrf_gpiote_event_clear  nrf_drv_gpiote.o
    0x00023378   0x00000010   Code   RO         1063    i.nrf_gpiote_event_is_set  nrf_drv_gpiote.o
    0x00023388   0x0000000a   Code   RO         1661    i.nrf_twi_event_check  nrf_drv_twi.o
    0x00023392   0x0000000a   Code   RO         1250    i.nrf_uart_event_check  nrf_drv_uart.o
    0x0002339c   0x0000000a   Code   RO         1251    i.nrf_uarte_event_check  nrf_drv_uart.o
    0x000233a6   0x00000002   PAD
    0x000233a8   0x00000040   Code   RO           13    i.nus_data_handler  main.o
    0x000233e8   0x00000028   Code   RO           14    i.on_adv_evt        main.o
    0x00023410   0x00000070   Code   RO           15    i.on_ble_evt        main.o
    0x00023480   0x00000020   Code   RO           16    i.on_conn_params_evt  main.o
    0x000234a0   0x00000054   Code   RO         1662    i.on_error          nrf_drv_twi.o
    0x000234f4   0x00000014   Code   RO          636    i.peer_address_exists  ble_advertising.o
    0x00023508   0x00000018   Code   RO         1064    i.pin_in_use_by_port  nrf_drv_gpiote.o
    0x00023520   0x00000018   Code   RO         1065    i.pin_in_use_by_te  nrf_drv_gpiote.o
    0x00023538   0x00000024   Code   RO         1418    i.pstorage_access_status_get  pstorage.o
    0x0002355c   0x00000074   Code   RO           17    i.readData          main.o
    0x000235d0   0x00000030   Code   RO           18    i.read_register     main.o
    0x00023600   0x0000003c   Code   RO         1965    i.rtc1_stop         app_timer.o
    0x0002363c   0x0000005c   Code   RO         1663    i.rx_address_req    nrf_drv_twi.o
    0x00023698   0x00000024   Code   RO         1253    i.rx_byte           nrf_drv_uart.o
    0x000236bc   0x000000dc   Code   RO          820    i.rx_char_add       ble_nus.o
    0x00023798   0x00000038   Code   RO         1664    i.rx_done           nrf_drv_twi.o
    0x000237d0   0x00000024   Code   RO         1254    i.rx_done_event     nrf_drv_uart.o
    0x000237f4   0x00000018   Code   RO         1255    i.rx_enable         nrf_drv_uart.o
    0x0002380c   0x00000004   Code   RO         1665    i.rx_prepare        nrf_drv_twi.o
    0x00023810   0x00000088   Code   RO          521    i.service_data_encode  ble_advdata.o
    0x00023898   0x00000034   Code   RO           19    i.sleep_mode_enter  main.o
    0x000238cc   0x0000000c   Code   RO         2168    i.softdevice_assertion_handler  softdevice_handler.o
    0x000238d8   0x00000014   Code   RO         2169    i.softdevice_ble_evt_handler_set  softdevice_handler.o
    0x000238ec   0x00000030   Code   RO         2170    i.softdevice_handler_init  softdevice_handler.o
    0x0002391c   0x0000005c   Code   RO         1666    i.state_machine     nrf_drv_twi.o
    0x00023978   0x0000006c   Code   RO         1966    i.timer_list_insert  app_timer.o
    0x000239e4   0x0000007c   Code   RO         1967    i.timer_list_remove  app_timer.o
    0x00023a60   0x00000088   Code   RO         1968    i.timer_timeouts_check  app_timer.o
    0x00023ae8   0x00000014   Code   RO           20    i.toggleMPU_RDY     main.o
    0x00023afc   0x000000b0   Code   RO         1667    i.twi_clear_bus     nrf_drv_twi.o
    0x00023bac   0x00000180   Code   RO         1668    i.twi_transfer      nrf_drv_twi.o
    0x00023d2c   0x00000024   Code   RO         1256    i.tx_byte           nrf_drv_uart.o
    0x00023d50   0x000000a0   Code   RO          821    i.tx_char_add       ble_nus.o
    0x00023df0   0x00000024   Code   RO         1669    i.tx_done           nrf_drv_twi.o
    0x00023e14   0x00000024   Code   RO         1257    i.tx_done_event     nrf_drv_uart.o
    0x00023e38   0x00000020   Code   RO         1670    i.tx_prepare        nrf_drv_twi.o
    0x00023e58   0x0000008c   Code   RO         1671    i.txrx_shorts_set_task_start  nrf_drv_twi.o
    0x00023ee4   0x00000016   Code   RO           21    i.uart_event_handle  main.o
    0x00023efa   0x00000002   PAD
    0x00023efc   0x00000090   Code   RO          881    i.uart_event_handler  app_uart_fifo.o
    0x00023f8c   0x0000000a   Code   RO          522    i.uint16_encode     ble_advdata.o
    0x00023f96   0x00000002   PAD
    0x00023f98   0x00000060   Code   RO          753    i.update_timeout_handler  ble_conn_params.o
    0x00023ff8   0x00000044   Code   RO         1969    i.user_id_get       app_timer.o
    0x0002403c   0x00000026   Code   RO         1970    i.user_op_alloc     app_timer.o
    0x00024062   0x00000030   Code   RO          523    i.uuid_list_encode  ble_advdata.o
    0x00024092   0x0000009e   Code   RO          524    i.uuid_list_sized_encode  ble_advdata.o
    0x00024130   0x0000000e   Code   RO          637    i.whitelist_has_entries  ble_advertising.o
    0x0002413e   0x00000002   PAD
    0x00024140   0x0000005c   Code   RO           22    i.write_register    main.o
    0x0002419c   0x0000002c   Code   RO         2445    locale$$code        c_w.l(lc_numeric_c.o)
    0x000241c8   0x0000000c   Code   RO         2384    x$fpl$dretinf       fz_wm.l(dretinf.o)
    0x000241d4   0x00000056   Code   RO         2366    x$fpl$f2d           fz_wm.l(f2d.o)
    0x0002422a   0x0000008c   Code   RO         2386    x$fpl$fnaninf       fz_wm.l(fnaninf.o)
    0x000242b6   0x0000000a   Code   RO         2515    x$fpl$fpinit        fz_wm.l(fpinit.o)
    0x000242c0   0x00000004   Code   RO         2368    x$fpl$printf1       fz_wm.l(printf1.o)
    0x000242c4   0x00000000   Code   RO         2388    x$fpl$usenofp       fz_wm.l(usenofp.o)
    0x000242c4   0x00000084   Data   RO           24    .constdata          main.o
    0x00024348   0x00000030   Data   RO          335    .constdata          bsp.o
    0x00024378   0x00000010   Data   RO          822    .constdata          ble_nus.o
    0x00024388   0x00000020   Data   RO          883    .constdata          app_uart_fifo.o
    0x000243a8   0x00000020   Data   RO         1259    .constdata          nrf_drv_uart.o
    0x000243c8   0x00000034   Data   RO         1673    .constdata          nrf_drv_twi.o
    0x000243fc   0x00000010   Data   RO         1674    .constdata          nrf_drv_twi.o
    0x0002440c   0x00000028   Data   RO         1675    .constdata          nrf_drv_twi.o
    0x00024434   0x00000020   Data   RO         1676    .constdata          nrf_drv_twi.o
    0x00024454   0x00000018   Data   RO         1677    .constdata          nrf_drv_twi.o
    0x0002446c   0x00000018   Data   RO         1678    .constdata          nrf_drv_twi.o
    0x00024484   0x00000004   Data   RO         1824    .constdata          app_button.o
    0x00024488   0x00000028   Data   RO         2310    .constdata          c_w.l(_printf_hex_int.o)
    0x000244b0   0x00000011   Data   RO         2340    .constdata          c_w.l(__printf_flags_wp.o)
    0x000244c1   0x00000003   PAD
    0x000244c4   0x00000094   Data   RO         2416    .constdata          c_w.l(bigflt0.o)
    0x00024558   0x00000020   Data   RO         2590    Region$$Table       anon$$obj.o
    0x00024578   0x0000001c   Data   RO         2444    locale$$data        c_w.l(lc_numeric_c.o)


    Execution Region RW_IRAM1 (Base: 0x20002800, Size: 0x00004b48, Max: 0x00005800, ABSOLUTE)

    Base Addr    Size         Type   Attr      Idx    E Section Name        Object

    0x20002800   0x00000008   Data   RW           25    .data               main.o
    0x20002808   0x00000020   Data   RW          336    .data               bsp.o
    0x20002828   0x00000008   Data   RW          454    .data               bsp_btn_ble.o
    0x20002830   0x0000001f   Data   RW          639    .data               ble_advertising.o
    0x2000284f   0x00000001   PAD
    0x20002850   0x00000018   Data   RW          755    .data               ble_conn_params.o
    0x20002868   0x00000008   Data   RW          884    .data               app_uart_fifo.o
    0x20002870   0x00000024   Data   RW         1443    .data               pstorage.o
    0x20002894   0x0000001c   Data   RW         1679    .data               nrf_drv_twi.o
    0x200028b0   0x00000018   Data   RW         1825    .data               app_button.o
    0x200028c8   0x00000024   Data   RW         1971    .data               app_timer.o
    0x200028ec   0x00000004   Data   RW         2130    .data               retarget.o
    0x200028f0   0x00000004   Data   RW         2131    .data               retarget.o
    0x200028f4   0x00000014   Data   RW         2173    .data               softdevice_handler.o
    0x20002908   0x00000004   Data   RW         2255    .data               system_nrf52.o
    0x2000290c   0x0000072c   Zero   RW           23    .bss                main.o
    0x20003038   0x0000000c   Zero   RW          334    .bss                bsp.o
    0x20003044   0x00000103   Zero   RW          638    .bss                ble_advertising.o
    0x20003147   0x00000001   PAD
    0x20003148   0x0000001c   Zero   RW          754    .bss                ble_conn_params.o
    0x20003164   0x00000020   Zero   RW          882    .bss                app_uart_fifo.o
    0x20003184   0x00000058   Zero   RW         1066    .bss                nrf_drv_gpiote.o
    0x200031dc   0x00000018   Zero   RW         1258    .bss                nrf_drv_uart.o
    0x200031f4   0x000000d8   Zero   RW         1441    .bss                pstorage.o
    0x200032cc   0x0000001c   Zero   RW         1672    .bss                nrf_drv_twi.o
    0x200032e8   0x00000060   Zero   RW         2452    .bss                c_w.l(libspace.o)
    0x20003348   0x00002000   Zero   RW         2244    HEAP                arm_startup_nrf52.o
    0x20005348   0x00002000   Zero   RW         2243    STACK               arm_startup_nrf52.o


==============================================================================

Image component sizes


      Code (inc. data)   RO Data    RW Data    ZI Data      Debug   Object Name

       324         30          4         24          0      13150   app_button.o
        32          8          0          0          0      27743   app_error.o
       100          0          0          0          0       3198   app_fifo.o
      2114        110          0         36          0      50887   app_timer.o
       356         40         32          8         32      15283   app_uart_fifo.o
        64         28       1024          0      16384        876   arm_startup_nrf52.o
      1540          0          0          0          0      48928   ble_advdata.o
       990         38          0         31        259      43816   ble_advertising.o
       432         40          0         24         28      13920   ble_conn_params.o
       640          6         16          0          0       7050   ble_nus.o
      1060        104         48         32         12      46457   bsp.o
       260         10          0          8          0      34681   bsp_btn_ble.o
      1786        372        132          8       1836     103585   main.o
        56          0          0          0          0      28479   nrf_drv_common.o
       990         90          0          0         88      23144   nrf_drv_gpiote.o
      1856        156        188         28         28      59314   nrf_drv_twi.o
      1408         94         32          0         24      29923   nrf_drv_uart.o
        36          8          0         36        216       9337   pstorage.o
        32          0          0          8          0       3594   retarget.o
       240         26          0         20          0      10568   softdevice_handler.o
       288         34          0          4          0      28434   system_nrf52.o

    ----------------------------------------------------------------------
     14624       1194       1508        268      18908     602367   Object Totals
         0          0         32          0          0          0   (incl. Generated)
        20          0          0          1          1          0   (incl. Padding)

    ----------------------------------------------------------------------

      Code (inc. data)   RO Data    RW Data    ZI Data      Debug   Library Member Name

         8          0          0          0          0         68   __main.o
       312          4         17          0          0         92   __printf_flags_wp.o
        14          0          0          0          0         68   __printf_wp.o
         0          0          0          0          0          0   __rtentry.o
        12          0          0          0          0          0   __rtentry2.o
         6          0          0          0          0          0   __rtentry4.o
        52          8          0          0          0          0   __scatter.o
        26          0          0          0          0          0   __scatter_copy.o
        28          0          0          0          0          0   __scatter_zi.o
         6          0          0          0          0          0   _printf_c.o
        44          0          0          0          0        108   _printf_char.o
        48          6          0          0          0         96   _printf_char_common.o
        36          4          0          0          0         80   _printf_char_file.o
         6          0          0          0          0          0   _printf_f.o
      1050          0          0          0          0        216   _printf_fp_dec.o
       128         16          0          0          0         84   _printf_fp_infnan.o
        88          4         40          0          0         88   _printf_hex_int.o
       178          0          0          0          0         88   _printf_intcommon.o
        78          0          0          0          0        108   _printf_pad.o
         0          0          0          0          0          0   _printf_percent.o
         4          0          0          0          0          0   _printf_percent_end.o
         6          0          0          0          0          0   _printf_s.o
        82          0          0          0          0         80   _printf_str.o
         6          0          0          0          0          0   _printf_x.o
        10          0          0          0          0         68   _sputc.o
       220          4        148          0          0         96   bigflt0.o
      1910        128          0          0          0        672   btod.o
        18          0          0          0          0         80   exit.o
         8          0          0          0          0         68   ferror.o
         4          0          0          0          0         68   getc.o
         6          0          0          0          0        152   heapauxi.o
         0          0          0          0          0          0   indicate_semi.o
        44         10         28          0          0         76   lc_numeric_c.o
         2          0          0          0          0          0   libinit.o
        22          0          0          0          0          0   libinit2.o
         2          0          0          0          0          0   libshutdown.o
         2          0          0          0          0          0   libshutdown2.o
         8          4          0          0         96         68   libspace.o
       138          0          0          0          0         80   lludiv10.o
        24          4          0          0          0         84   noretval__2printf.o
        40          6          0          0          0         84   noretval__2sprintf.o
         8          4          0          0          0         68   rt_locale_intlibspace.o
        78          0          0          0          0         80   rt_memclr_w.o
       138          0          0          0          0         68   rt_memcpy_v6.o
       100          0          0          0          0         80   rt_memcpy_w.o
         2          0          0          0          0          0   rtexit.o
        10          0          0          0          0          0   rtexit2.o
       128          0          0          0          0         68   strcmpv7m.o
        12          4          0          0          0         68   sys_exit.o
        74          0          0          0          0         80   sys_stackheap_outer.o
         2          0          0          0          0         68   use_no_semi.o
        12          0          0          0          0        116   dretinf.o
        86          4          0          0          0        132   f2d.o
       140          4          0          0          0        132   fnaninf.o
        10          0          0          0          0        116   fpinit.o
         4          0          0          0          0        116   printf1.o
         0          0          0          0          0          0   usenofp.o
        48          0          0          0          0        124   fpclassify.o

    ----------------------------------------------------------------------
      5540        214        236          0         96       4088   Library Totals
        12          0          3          0          0          0   (incl. Padding)

    ----------------------------------------------------------------------

      Code (inc. data)   RO Data    RW Data    ZI Data      Debug   Library Name

      5228        206        233          0         96       3352   c_w.l
       252          8          0          0          0        612   fz_wm.l
        48          0          0          0          0        124   m_wm.l

    ----------------------------------------------------------------------
      5540        214        236          0         96       4088   Library Totals

    ----------------------------------------------------------------------

==============================================================================


      Code (inc. data)   RO Data    RW Data    ZI Data      Debug   

     20164       1408       1744        268      19004     589083   Grand Totals
     20164       1408       1744        268      19004     589083   ELF Image Totals
     20164       1408       1744        268          0          0   ROM Totals

==============================================================================

    Total RO  Size (Code + RO Data)                21908 (  21.39kB)
    Total RW  Size (RW Data + ZI Data)             19272 (  18.82kB)
    Total ROM Size (Code + RO Data + RW Data)      22176 (  21.66kB)

==============================================================================

